../Core/Src/main.c:133:5:main	24	static
../Core/Src/main.c:367:6:SystemClock_Config	72	static
../Core/Src/main.c:406:13:MX_NVIC_Init	8	static
../Core/Src/main.c:418:13:MX_USART1_UART_Init	8	static
../Core/Src/main.c:450:13:MX_DMA_Init	16	static
../Core/Src/main.c:468:13:MX_GPIO_Init	40	static
../Core/Src/main.c:517:6:vTaskLed	16	static
../Core/Src/main.c:528:6:vTaskLed_out	16	static
../Core/Src/main.c:540:6:vTaskSendQueue	80	static
../Core/Src/main.c:578:6:vTaskReceiveQueue	72	static
../Core/Src/main.c:629:6:vTaskReceiveQueueUartDMA	24	static
../Core/Src/main.c:664:6:USART_UserInt	32	static,ignoring_inline_asm
../Core/Src/main.c:686:6:vTaskDebug	528	static
../Core/Src/main.c:710:13:prvTimerOneShotCallback	224	static
../Core/Src/main.c:725:13:prvTimerAutoReloadCallback	224	static
../Core/Src/main.c:741:13:prvTimerCallback	232	static
../Core/Src/main.c:774:6:vTaskSemaphore_1	16	static
../Core/Src/main.c:790:6:vTaskSemaphore_2	16	static
../Core/Src/main.c:807:6:vTaskNotification_1	120	static
../Core/Src/main.c:825:6:vTaskNotification_2	120	static
../Core/Src/main.c:844:6:vTaskEvent_1	24	static
../Core/Src/main.c:862:6:vTaskEvent_2	24	static
../Core/Src/main.c:881:6:vTaskEventCheck	24	static
../Core/Src/main.c:929:6:HAL_GPIO_EXTI_Callback	40	static,ignoring_inline_asm
../Core/Src/main.c:973:6:StartDefaultTask	16	static
../Core/Src/main.c:992:6:HAL_TIM_PeriodElapsedCallback	16	static
../Core/Src/main.c:1010:6:Error_Handler	4	static,ignoring_inline_asm
