Archive member included to satisfy reference by file (symbol)

D:/STM32CubeIDE_1.19.0/STM32CubeIDE/plugins/com.st.stm32cube.ide.mcu.externaltools.gnu-tools-for-stm32.13.3.rel1.win32_1.0.0.202411081344/tools/bin/../lib/gcc/arm-none-eabi/13.3.1/../../../../arm-none-eabi/lib/thumb/v7e-m+fp/hard\libc_nano.a(libc_a-exit.o)
                              D:/STM32CubeIDE_1.19.0/STM32CubeIDE/plugins/com.st.stm32cube.ide.mcu.externaltools.gnu-tools-for-stm32.13.3.rel1.win32_1.0.0.202411081344/tools/bin/../lib/gcc/arm-none-eabi/13.3.1/../../../../arm-none-eabi/lib/thumb/v7e-m+fp/hard/crt0.o (exit)
D:/STM32CubeIDE_1.19.0/STM32CubeIDE/plugins/com.st.stm32cube.ide.mcu.externaltools.gnu-tools-for-stm32.13.3.rel1.win32_1.0.0.202411081344/tools/bin/../lib/gcc/arm-none-eabi/13.3.1/../../../../arm-none-eabi/lib/thumb/v7e-m+fp/hard\libc_nano.a(libc_a-nano-vfprintf_float.o)
                              (_printf_float)
D:/STM32CubeIDE_1.19.0/STM32CubeIDE/plugins/com.st.stm32cube.ide.mcu.externaltools.gnu-tools-for-stm32.13.3.rel1.win32_1.0.0.202411081344/tools/bin/../lib/gcc/arm-none-eabi/13.3.1/../../../../arm-none-eabi/lib/thumb/v7e-m+fp/hard\libc_nano.a(libc_a-nano-vfprintf_i.o)
                              D:/STM32CubeIDE_1.19.0/STM32CubeIDE/plugins/com.st.stm32cube.ide.mcu.externaltools.gnu-tools-for-stm32.13.3.rel1.win32_1.0.0.202411081344/tools/bin/../lib/gcc/arm-none-eabi/13.3.1/../../../../arm-none-eabi/lib/thumb/v7e-m+fp/hard\libc_nano.a(libc_a-nano-vfprintf_float.o) (_printf_common)
D:/STM32CubeIDE_1.19.0/STM32CubeIDE/plugins/com.st.stm32cube.ide.mcu.externaltools.gnu-tools-for-stm32.13.3.rel1.win32_1.0.0.202411081344/tools/bin/../lib/gcc/arm-none-eabi/13.3.1/../../../../arm-none-eabi/lib/thumb/v7e-m+fp/hard\libc_nano.a(libc_a-nano-vfscanf_float.o)
                              (_scanf_float)
D:/STM32CubeIDE_1.19.0/STM32CubeIDE/plugins/com.st.stm32cube.ide.mcu.externaltools.gnu-tools-for-stm32.13.3.rel1.win32_1.0.0.202411081344/tools/bin/../lib/gcc/arm-none-eabi/13.3.1/../../../../arm-none-eabi/lib/thumb/v7e-m+fp/hard\libc_nano.a(libc_a-findfp.o)
                              D:/STM32CubeIDE_1.19.0/STM32CubeIDE/plugins/com.st.stm32cube.ide.mcu.externaltools.gnu-tools-for-stm32.13.3.rel1.win32_1.0.0.202411081344/tools/bin/../lib/gcc/arm-none-eabi/13.3.1/../../../../arm-none-eabi/lib/thumb/v7e-m+fp/hard\libc_nano.a(libc_a-exit.o) (__stdio_exit_handler)
D:/STM32CubeIDE_1.19.0/STM32CubeIDE/plugins/com.st.stm32cube.ide.mcu.externaltools.gnu-tools-for-stm32.13.3.rel1.win32_1.0.0.202411081344/tools/bin/../lib/gcc/arm-none-eabi/13.3.1/../../../../arm-none-eabi/lib/thumb/v7e-m+fp/hard\libc_nano.a(libc_a-fwalk.o)
                              D:/STM32CubeIDE_1.19.0/STM32CubeIDE/plugins/com.st.stm32cube.ide.mcu.externaltools.gnu-tools-for-stm32.13.3.rel1.win32_1.0.0.202411081344/tools/bin/../lib/gcc/arm-none-eabi/13.3.1/../../../../arm-none-eabi/lib/thumb/v7e-m+fp/hard\libc_nano.a(libc_a-findfp.o) (_fwalk_sglue)
D:/STM32CubeIDE_1.19.0/STM32CubeIDE/plugins/com.st.stm32cube.ide.mcu.externaltools.gnu-tools-for-stm32.13.3.rel1.win32_1.0.0.202411081344/tools/bin/../lib/gcc/arm-none-eabi/13.3.1/../../../../arm-none-eabi/lib/thumb/v7e-m+fp/hard\libc_nano.a(libc_a-printf.o)
                              ./Core/Src/alert_task.o (printf)
D:/STM32CubeIDE_1.19.0/STM32CubeIDE/plugins/com.st.stm32cube.ide.mcu.externaltools.gnu-tools-for-stm32.13.3.rel1.win32_1.0.0.202411081344/tools/bin/../lib/gcc/arm-none-eabi/13.3.1/../../../../arm-none-eabi/lib/thumb/v7e-m+fp/hard\libc_nano.a(libc_a-puts.o)
                              ./Core/Src/alert_task.o (puts)
D:/STM32CubeIDE_1.19.0/STM32CubeIDE/plugins/com.st.stm32cube.ide.mcu.externaltools.gnu-tools-for-stm32.13.3.rel1.win32_1.0.0.202411081344/tools/bin/../lib/gcc/arm-none-eabi/13.3.1/../../../../arm-none-eabi/lib/thumb/v7e-m+fp/hard\libc_nano.a(libc_a-snprintf.o)
                              ./Core/Src/processing_task.o (snprintf)
D:/STM32CubeIDE_1.19.0/STM32CubeIDE/plugins/com.st.stm32cube.ide.mcu.externaltools.gnu-tools-for-stm32.13.3.rel1.win32_1.0.0.202411081344/tools/bin/../lib/gcc/arm-none-eabi/13.3.1/../../../../arm-none-eabi/lib/thumb/v7e-m+fp/hard\libc_nano.a(libc_a-sprintf.o)
                              D:/STM32CubeIDE_1.19.0/STM32CubeIDE/plugins/com.st.stm32cube.ide.mcu.externaltools.gnu-tools-for-stm32.13.3.rel1.win32_1.0.0.202411081344/tools/bin/../lib/gcc/arm-none-eabi/13.3.1/../../../../arm-none-eabi/lib/thumb/v7e-m+fp/hard\libc_nano.a(libc_a-nano-vfscanf_float.o) (sprintf)
D:/STM32CubeIDE_1.19.0/STM32CubeIDE/plugins/com.st.stm32cube.ide.mcu.externaltools.gnu-tools-for-stm32.13.3.rel1.win32_1.0.0.202411081344/tools/bin/../lib/gcc/arm-none-eabi/13.3.1/../../../../arm-none-eabi/lib/thumb/v7e-m+fp/hard\libc_nano.a(libc_a-stdio.o)
[...]
Memory Configuration

Name             Origin             Length             Attributes
CCMRAM           0x10000000         0x00010000         xrw
RAM              0x20000000         0x00020000         xrw
FLASH            0x08000000         0x00100000         xr
*default*        0x00000000         0xffffffff

Linker script and memory map

LOAD D:/STM32CubeIDE_1.19.0/STM32CubeIDE/plugins/com.st.stm32cube.ide.mcu.externaltools.gnu-tools-for-stm32.13.3.rel1.win32_1.0.0.202411081344/tools/bin/../lib/gcc/arm-none-eabi/13.3.1/thumb/v7e-m+fp/hard/crti.o
LOAD D:/STM32CubeIDE_1.19.0/STM32CubeIDE/plugins/com.st.stm32cube.ide.mcu.externaltools.gnu-tools-for-stm32.13.3.rel1.win32_1.0.0.202411081344/tools/bin/../lib/gcc/arm-none-eabi/13.3.1/thumb/v7e-m+fp/hard/crtbegin.o
LOAD D:/STM32CubeIDE_1.19.0/STM32CubeIDE/plugins/com.st.stm32cube.ide.mcu.externaltools.gnu-tools-for-stm32.13.3.rel1.win32_1.0.0.202411081344/tools/bin/../lib/gcc/arm-none-eabi/13.3.1/../../../../arm-none-eabi/lib/thumb/v7e-m+fp/hard/crt0.o
LOAD ./Core/Src/alert_task.o
LOAD ./Core/Src/bmp280.o
LOAD ./Core/Src/dht22.o
LOAD ./Core/Src/freertos.o
LOAD ./Core/Src/main.o
LOAD ./Core/Src/mq2.o
LOAD ./Core/Src/processing_task.o
LOAD ./Core/Src/rtos_objects.o
LOAD ./Core/Src/sensor_task.o
LOAD ./Core/Src/stm32f4xx_hal_msp.o
LOAD ./Core/Src/stm32f4xx_it.o
LOAD ./Core/Src/syscalls.o
LOAD ./Core/Src/sysmem.o
LOAD ./Core/Src/system_stm32f4xx.o
LOAD ./Core/Startup/startup_stm32f407vgtx.o
LOAD ./Drivers/STM32F4xx_HAL_Driver/Src/stm32f4xx_hal.o
LOAD ./Drivers/STM32F4xx_HAL_Driver/Src/stm32f4xx_hal_adc.o
LOAD ./Drivers/STM32F4xx_HAL_Driver/Src/stm32f4xx_hal_adc_ex.o
LOAD ./Drivers/STM32F4xx_HAL_Driver/Src/stm32f4xx_hal_cortex.o
LOAD ./Drivers/STM32F4xx_HAL_Driver/Src/stm32f4xx_hal_dma.o
LOAD ./Drivers/STM32F4xx_HAL_Driver/Src/stm32f4xx_hal_dma_ex.o
LOAD ./Drivers/STM32F4xx_HAL_Driver/Src/stm32f4xx_hal_exti.o
LOAD ./Drivers/STM32F4xx_HAL_Driver/Src/stm32f4xx_hal_flash.o
LOAD ./Drivers/STM32F4xx_HAL_Driver/Src/stm32f4xx_hal_flash_ex.o
LOAD ./Drivers/STM32F4xx_HAL_Driver/Src/stm32f4xx_hal_flash_ramfunc.o
LOAD ./Drivers/STM32F4xx_HAL_Driver/Src/stm32f4xx_hal_gpio.o
LOAD ./Drivers/STM32F4xx_HAL_Driver/Src/stm32f4xx_hal_i2c.o
LOAD ./Drivers/STM32F4xx_HAL_Driver/Src/stm32f4xx_hal_i2c_ex.o
LOAD ./Drivers/STM32F4xx_HAL_Driver/Src/stm32f4xx_hal_pwr.o
LOAD ./Drivers/STM32F4xx_HAL_Driver/Src/stm32f4xx_hal_pwr_ex.o
LOAD ./Drivers/STM32F4xx_HAL_Driver/Src/stm32f4xx_hal_rcc.o
LOAD ./Drivers/STM32F4xx_HAL_Driver/Src/stm32f4xx_hal_rcc_ex.o
LOAD ./Drivers/STM32F4xx_HAL_Driver/Src/stm32f4xx_hal_tim.o
LOAD ./Drivers/STM32F4xx_HAL_Driver/Src/stm32f4xx_hal_tim_ex.o
LOAD ./Drivers/STM32F4xx_HAL_Driver/Src/stm32f4xx_hal_uart.o
LOAD ./Drivers/STM32F4xx_HAL_Driver/Src/stm32f4xx_ll_adc.o
LOAD ./Middlewares/Third_Party/FreeRTOS/Source/CMSIS_RTOS_V2/cmsis_os2.o
LOAD ./Middlewares/Third_Party/FreeRTOS/Source/croutine.o
LOAD ./Middlewares/Third_Party/FreeRTOS/Source/event_groups.o
LOAD ./Middlewares/Third_Party/FreeRTOS/Source/list.o
LOAD ./Middlewares/Third_Party/FreeRTOS/Source/queue.o
LOAD ./Middlewares/Third_Party/FreeRTOS/Source/stream_buffer.o
LOAD ./Middlewares/Third_Party/FreeRTOS/Source/tasks.o
LOAD ./Middlewares/Third_Party/FreeRTOS/Source/timers.o
LOAD ./Middlewares/Third_Party/FreeRTOS/Source/portable/GCC/ARM_CM4F/port.o
LOAD ./Middlewares/Third_Party/FreeRTOS/Source/portable/MemMang/heap_4.o
LOAD ./Middlewares/Third_Party/SEGGER/Config/SEGGER_SYSVIEW_Config_FreeRTOS.o
LOAD ./Middlewares/Third_Party/SEGGER/OS/SEGGER_SYSVIEW_FreeRTOS.o
LOAD ./Middlewares/Third_Party/SEGGER/Rec/segger_uart.o
LOAD ./Middlewares/Third_Party/SEGGER/SEGGER/SEGGER_RTT.o
LOAD ./Middlewares/Third_Party/SEGGER/SEGGER/SEGGER_RTT_ASM_ARMv7M.o
LOAD ./Middlewares/Third_Party/SEGGER/SEGGER/SEGGER_RTT_printf.o
LOAD ./Middlewares/Third_Party/SEGGER/SEGGER/SEGGER_SYSVIEW.o
LOAD ./Middlewares/Third_Party/SEGGER/SEGGER/Syscalls/SEGGER_RTT_Syscalls_GCC.o
START GROUP
LOAD D:/STM32CubeIDE_1.19.0/STM32CubeIDE/plugins/com.st.stm32cube.ide.mcu.externaltools.gnu-tools-for-stm32.13.3.rel1.win32_1.0.0.202411081344/tools/bin/../lib/gcc/arm-none-eabi/13.3.1/../../../../arm-none-eabi/lib/thumb/v7e-m+fp/hard\libc_nano.a
LOAD D:/STM32CubeIDE_1.19.0/STM32CubeIDE/plugins/com.st.stm32cube.ide.mcu.externaltools.gnu-tools-for-stm32.13.3.rel1.win32_1.0.0.202411081344/tools/bin/../lib/gcc/arm-none-eabi/13.3.1/../../../../arm-none-eabi/lib/thumb/v7e-m+fp/hard\libm.a
END GROUP
START GROUP
LOAD D:/STM32CubeIDE_1.19.0/STM32CubeIDE/plugins/com.st.stm32cube.ide.mcu.externaltools.gnu-tools-for-stm32.13.3.rel1.win32_1.0.0.202411081344/tools/bin/../lib/gcc/arm-none-eabi/13.3.1/thumb/v7e-m+fp/hard\libgcc.a
LOAD D:/STM32CubeIDE_1.19.0/STM32CubeIDE/plugins/com.st.stm32cube.ide.mcu.externaltools.gnu-tools-for-stm32.13.3.rel1.win32_1.0.0.202411081344/tools/bin/../lib/gcc/arm-none-eabi/13.3.1/../../../../arm-none-eabi/lib/thumb/v7e-m+fp/hard\libc_nano.a
END GROUP
START GROUP
LOAD D:/STM32CubeIDE_1.19.0/STM32CubeIDE/plugins/com.st.stm32cube.ide.mcu.externaltools.gnu-tools-for-stm32.13.3.rel1.win32_1.0.0.202411081344/tools/bin/../lib/gcc/arm-none-eabi/13.3.1/thumb/v7e-m+fp/hard\libgcc.a
LOAD D:/STM32CubeIDE_1.19.0/STM32CubeIDE/plugins/com.st.stm32cube.ide.mcu.externaltools.gnu-tools-for-stm32.13.3.rel1.win32_1.0.0.202411081344/tools/bin/../lib/gcc/arm-none-eabi/13.3.1/../../../../arm-none-eabi/lib/thumb/v7e-m+fp/hard\libc_nano.a
LOAD D:/STM32CubeIDE_1.19.0/STM32CubeIDE/plugins/com.st.stm32cube.ide.mcu.externaltools.gnu-tools-for-stm32.13.3.rel1.win32_1.0.0.202411081344/tools/bin/../lib/gcc/arm-none-eabi/13.3.1/../../../../arm-none-eabi/lib/thumb/v7e-m+fp/hard\libnosys.a
END GROUP
START GROUP
LOAD D:/STM32CubeIDE_1.19.0/STM32CubeIDE/plugins/com.st.stm32cube.ide.mcu.externaltools.gnu-tools-for-stm32.13.3.rel1.win32_1.0.0.202411081344/tools/bin/../lib/gcc/arm-none-eabi/13.3.1/thumb/v7e-m+fp/hard\libgcc.a
LOAD D:/STM32CubeIDE_1.19.0/STM32CubeIDE/plugins/com.st.stm32cube.ide.mcu.externaltools.gnu-tools-for-stm32.13.3.rel1.win32_1.0.0.202411081344/tools/bin/../lib/gcc/arm-none-eabi/13.3.1/../../../../arm-none-eabi/lib/thumb/v7e-m+fp/hard\libc_nano.a
LOAD D:/STM32CubeIDE_1.19.0/STM32CubeIDE/plugins/com.st.stm32cube.ide.mcu.externaltools.gnu-tools-for-stm32.13.3.rel1.win32_1.0.0.202411081344/tools/bin/../lib/gcc/arm-none-eabi/13.3.1/../../../../arm-none-eabi/lib/thumb/v7e-m+fp/hard\libnosys.a
END GROUP
LOAD D:/STM32CubeIDE_1.19.0/STM32CubeIDE/plugins/com.st.stm32cube.ide.mcu.externaltools.gnu-tools-for-stm32.13.3.rel1.win32_1.0.0.202411081344/tools/bin/../lib/gcc/arm-none-eabi/13.3.1/thumb/v7e-m+fp/hard/crtend.o
LOAD D:/STM32CubeIDE_1.19.0/STM32CubeIDE/plugins/com.st.stm32cube.ide.mcu.externaltools.gnu-tools-for-stm32.13.3.rel1.win32_1.0.0.202411081344/tools/bin/../lib/gcc/arm-none-eabi/13.3.1/thumb/v7e-m+fp/hard/crtn.o
                0x20020000                        _estack = (ORIGIN (RAM) + LENGTH (RAM))
                0x00000200                        _Min_Heap_Size = 0x200
                0x00000400                        _Min_Stack_Size = 0x400

.isr_vector     0x08000000      0x188
                0x08000000                        . = ALIGN (0x4)
 *(.isr_vector)
 .isr_vector    0x08000000      0x188 ./Core/Startup/startup_stm32f407vgtx.o
                0x08000000                g_pfnVectors
                0x08000188                        . = ALIGN (0x4)

.text           0x08000190    0x11404
                0x08000190                        . = ALIGN (0x4)
 *(.text)
 .text          0x08000190       0x40 D:/STM32CubeIDE_1.19.0/STM32CubeIDE/plugins/com.st.stm32cube.ide.mcu.externaltools.gnu-tools-for-stm32.13.3.rel1.win32_1.0.0.202411081344/tools/bin/../lib/gcc/arm-none-eabi/13.3.1/thumb/v7e-m+fp/hard/crtbegin.o
 .text          0x080001d0       0x94 ./Middlewares/Third_Party/SEGGER/SEGGER/SEGGER_RTT_ASM_ARMv7M.o
                0x080001d0                SEGGER_RTT_ASM_WriteSkipNoLock
 *fill*         0x08000264        0xc 
 .text          0x08000270       0xa0 D:/STM32CubeIDE_1.19.0/STM32CubeIDE/plugins/com.st.stm32cube.ide.mcu.externaltools.gnu-tools-for-stm32.13.3.rel1.win32_1.0.0.202411081344/tools/bin/../lib/gcc/arm-none-eabi/13.3.1/../../../../arm-none-eabi/lib/thumb/v7e-m+fp/hard\libc_nano.a(libc_a-memchr.o)
                0x08000270                memchr
 .text          0x08000310       0x10 D:/STM32CubeIDE_1.19.0/STM32CubeIDE/plugins/com.st.stm32cube.ide.mcu.externaltools.gnu-tools-for-stm32.13.3.rel1.win32_1.0.0.202411081344/tools/bin/../lib/gcc/arm-none-eabi/13.3.1/../../../../arm-none-eabi/lib/thumb/v7e-m+fp/hard\libc_nano.a(libc_a-strlen.o)
                0x08000310                strlen
 .text          0x08000320      0x378 D:/STM32CubeIDE_1.19.0/STM32CubeIDE/plugins/com.st.stm32cube.ide.mcu.externaltools.gnu-tools-for-stm32.13.3.rel1.win32_1.0.0.202411081344/tools/bin/../lib/gcc/arm-none-eabi/13.3.1/thumb/v7e-m+fp/hard\libgcc.a(_arm_addsubdf3.o)
                0x08000320                __aeabi_drsub
                0x08000328                __aeabi_dsub
                0x08000328                __subdf3
                0x0800032c                __aeabi_dadd
                0x0800032c                __adddf3
                0x080005a4                __floatunsidf
                0x080005a4                __aeabi_ui2d
                0x080005c4                __floatsidf
                0x080005c4                __aeabi_i2d
                0x080005e8                __aeabi_f2d
                0x080005e8                __extendsfdf2
                0x0800062c                __floatundidf
                0x0800062c                __aeabi_ul2d
                0x0800063c                __floatdidf
                0x0800063c                __aeabi_l2d
 .text          0x08000698      0x424 D:/STM32CubeIDE_1.19.0/STM32CubeIDE/plugins/com.st.stm32cube.ide.mcu.externaltools.gnu-tools-for-stm32.13.3.rel1.win32_1.0.0.202411081344/tools/bin/../lib/gcc/arm-none-eabi/13.3.1/thumb/v7e-m+fp/hard\libgcc.a(_arm_muldivdf3.o)
                0x08000698                __aeabi_dmul
                0x08000698                __muldf3
                0x080008ec                __divdf3
                0x080008ec                __aeabi_ddiv
 .text          0x08000abc      0x110 D:/STM32CubeIDE_1.19.0/STM32CubeIDE/plugins/com.st.stm32cube.ide.mcu.externaltools.gnu-tools-for-stm32.13.3.rel1.win32_1.0.0.202411081344/tools/bin/../lib/gcc/arm-none-eabi/13.3.1/thumb/v7e-m+fp/hard\libgcc.a(_arm_cmpdf2.o)
                0x08000abc                __gtdf2
                0x08000abc                __gedf2
                0x08000ac4                __ltdf2
                0x08000ac4                __ledf2
                0x08000acc                __nedf2
                0x08000acc                __eqdf2
                0x08000acc                __cmpdf2
                0x08000b48                __aeabi_cdrcmple
                0x08000b58                __aeabi_cdcmpeq
                0x08000b58                __aeabi_cdcmple
                0x08000b68                __aeabi_dcmpeq
                0x08000b7c                __aeabi_dcmplt
                0x08000b90                __aeabi_dcmple
                0x08000ba4                __aeabi_dcmpge
                0x08000bb8                __aeabi_dcmpgt
 .text          0x08000bcc       0x2c D:/STM32CubeIDE_1.19.0/STM32CubeIDE/plugins/com.st.stm32cube.ide.mcu.externaltools.gnu-tools-for-stm32.13.3.rel1.win32_1.0.0.202411081344/tools/bin/../lib/gcc/arm-none-eabi/13.3.1/thumb/v7e-m+fp/hard\libgcc.a(_arm_unorddf2.o)
                0x08000bcc                __unorddf2
                0x08000bcc                __aeabi_dcmpun
 .text          0x08000bf8       0x50 D:/STM32CubeIDE_1.19.0/STM32CubeIDE/plugins/com.st.stm32cube.ide.mcu.externaltools.gnu-tools-for-stm32.13.3.rel1.win32_1.0.0.202411081344/tools/bin/../lib/gcc/arm-none-eabi/13.3.1/thumb/v7e-m+fp/hard\libgcc.a(_arm_fixdfsi.o)
                0x08000bf8                __aeabi_d2iz
                0x08000bf8                __fixdfsi
 .text          0x08000c48       0x40 D:/STM32CubeIDE_1.19.0/STM32CubeIDE/plugins/com.st.stm32cube.ide.mcu.externaltools.gnu-tools-for-stm32.13.3.rel1.win32_1.0.0.202411081344/tools/bin/../lib/gcc/arm-none-eabi/13.3.1/thumb/v7e-m+fp/hard\libgcc.a(_arm_fixunsdfsi.o)
                0x08000c48                __aeabi_d2uiz
                0x08000c48                __fixunsdfsi
 .text          0x08000c88       0xa0 D:/STM32CubeIDE_1.19.0/STM32CubeIDE/plugins/com.st.stm32cube.ide.mcu.externaltools.gnu-tools-for-stm32.13.3.rel1.win32_1.0.0.202411081344/tools/bin/../lib/gcc/arm-none-eabi/13.3.1/thumb/v7e-m+fp/hard\libgcc.a(_arm_truncdfsf2.o)
                0x08000c88                __truncdfsf2
                0x08000c88                __aeabi_d2f
 .text          0x08000d28       0x30 D:/STM32CubeIDE_1.19.0/STM32CubeIDE/plugins/com.st.stm32cube.ide.mcu.externaltools.gnu-tools-for-stm32.13.3.rel1.win32_1.0.0.202411081344/tools/bin/../lib/gcc/arm-none-eabi/13.3.1/thumb/v7e-m+fp/hard\libgcc.a(_aeabi_uldivmod.o)
                0x08000d28                __aeabi_uldivmod
 .text          0x08000d58       0x30 D:/STM32CubeIDE_1.19.0/STM32CubeIDE/plugins/com.st.stm32cube.ide.mcu.externaltools.gnu-tools-for-stm32.13.3.rel1.win32_1.0.0.202411081344/tools/bin/../lib/gcc/arm-none-eabi/13.3.1/thumb/v7e-m+fp/hard\libgcc.a(_fixdfdi.o)
                0x08000d58                __fixdfdi
                0x08000d58                __aeabi_d2lz
 .text          0x08000d88       0x3c D:/STM32CubeIDE_1.19.0/STM32CubeIDE/plugins/com.st.stm32cube.ide.mcu.externaltools.gnu-tools-for-stm32.13.3.rel1.win32_1.0.0.202411081344/tools/bin/../lib/gcc/arm-none-eabi/13.3.1/thumb/v7e-m+fp/hard\libgcc.a(_fixunsdfdi.o)
                0x08000d88                __fixunsdfdi
                0x08000d88                __aeabi_d2ulz
 .text          0x08000dc4      0x2f8 D:/STM32CubeIDE_1.19.0/STM32CubeIDE/plugins/com.st.stm32cube.ide.mcu.externaltools.gnu-tools-for-stm32.13.3.rel1.win32_1.0.0.202411081344/tools/bin/../lib/gcc/arm-none-eabi/13.3.1/thumb/v7e-m+fp/hard\libgcc.a(_udivmoddi4.o)
                0x08000dc4                __udivmoddi4
 .text          0x080010bc        0x4 D:/STM32CubeIDE_1.19.0/STM32CubeIDE/plugins/com.st.stm32cube.ide.mcu.externaltools.gnu-tools-for-stm32.13.3.rel1.win32_1.0.0.202411081344/tools/bin/../lib/gcc/arm-none-eabi/13.3.1/thumb/v7e-m+fp/hard\libgcc.a(_dvmd_tls.o)
                0x080010bc                __aeabi_idiv0
                0x080010bc                __aeabi_ldiv0
 *(.text*)
 .text.buzzer_off
                0x080010c0       0x18 ./Core/Src/alert_task.o
 .text.HAL_GPIO_EXTI_Callback
                0x080010d8       0x30 ./Core/Src/alert_task.o
                0x080010d8                HAL_GPIO_EXTI_Callback
 .text.alert_task_init
                0x08001108       0x74 ./Core/Src/alert_task.o
                0x08001108                alert_task_init
 .text.evaluate_alert
                0x0800117c       0x4c ./Core/Src/alert_task.o
 .text.wait_for_uart_reset
                0x080011c8       0x58 ./Core/Src/alert_task.o
                0x080011c8                wait_for_uart_reset
 .text.reset_alert_state
                0x08001220       0x40 ./Core/Src/alert_task.o
                0x08001220                reset_alert_state
 .text.vAlertTask
                0x08001260       0xd0 ./Core/Src/alert_task.o
                0x08001260                vAlertTask
 .text.i2c_ensure_ready
                0x08001330       0x50 ./Core/Src/bmp280.o
 .text.i2c_scan
                0x08001380       0x84 ./Core/Src/bmp280.o
 .text.read_chip_id
                0x08001404       0x6c ./Core/Src/bmp280.o
 .text.write_reg
                0x08001470       0x60 ./Core/Src/bmp280.o
 .text.read_regs
                0x080014d0       0x60 ./Core/Src/bmp280.o
 .text.compensation_params
                0x08001530      0x1d4 ./Core/Src/bmp280.o
 .text.compensate_temp
                0x08001704      0x1b4 ./Core/Src/bmp280.o
 .text.compensate_press
                0x080018b8      0x524 ./Core/Src/bmp280.o
 .text.BMP280_Init
                0x08001ddc       0x7c ./Core/Src/bmp280.o
                0x08001ddc                BMP280_Init
 .text.BMP280_Read
                0x08001e58       0xd8 ./Core/Src/bmp280.o
                0x08001e58                BMP280_Read
 .text.Set_Pin_Output
                0x08001f30       0x40 ./Core/Src/dht22.o
 .text.Set_Pin_Input
                0x08001f70       0x3c ./Core/Src/dht22.o
 .text.delay_us
                0x08001fac       0x34 ./Core/Src/dht22.o
 .text.start_signal
                0x08001fe0       0x44 ./Core/Src/dht22.o
 .text.check_response
                0x08002024       0x80 ./Core/Src/dht22.o
 .text.read_byte
                0x080020a4       0xbc ./Core/Src/dht22.o
 .text.DHT22_Init
                0x08002160       0x14 ./Core/Src/dht22.o
                0x08002160                DHT22_Init
 .text.DHT22_Read
                0x08002174      0x190 ./Core/Src/dht22.o
                0x08002174                DHT22_Read
 .text.main     0x08002304       0x7c ./Core/Src/main.o
                0x08002304                main
 .text.SystemClock_Config
                0x08002380       0xd4 ./Core/Src/main.o
                0x08002380                SystemClock_Config
 .text.MX_ADC1_Init
                0x08002454       0xa4 ./Core/Src/main.o
 .text.MX_I2C1_Init
                0x080024f8       0x5c ./Core/Src/main.o
 .text.MX_TIM3_Init
                0x08002554       0x9c ./Core/Src/main.o
 .text.MX_USART2_UART_Init
                0x080025f0       0x54 ./Core/Src/main.o
 .text.MX_GPIO_Init
                0x08002644      0x190 ./Core/Src/main.o
 .text.Error_Handler
                0x080027d4        0xc ./Core/Src/main.o
                0x080027d4                Error_Handler
 .text.MQ2_ResistanceFromADC
                0x080027e0       0x64 ./Core/Src/mq2.o
 .text.MQ2_AverageRead
                0x08002844       0x90 ./Core/Src/mq2.o
 .text.MQ2_Calibrate
                0x080028d4       0x3c ./Core/Src/mq2.o
                0x080028d4                MQ2_Calibrate
 .text.MQ2_ReadRaw
                0x08002910       0x12 ./Core/Src/mq2.o
                0x08002910                MQ2_ReadRaw
 *fill*         0x08002922        0x2 
 .text.MQ2_GetRatio
                0x08002924       0x48 ./Core/Src/mq2.o
                0x08002924                MQ2_GetRatio
 .text.MQ2_CurveFit
                0x0800296c       0x74 ./Core/Src/mq2.o
 .text.MQ2_GetPPM
                0x080029e0       0x4c ./Core/Src/mq2.o
                0x080029e0                MQ2_GetPPM
 .text.update_rolling_average
                0x08002a2c      0x204 ./Core/Src/processing_task.o
 .text.detect_alert
                0x08002c30       0x78 ./Core/Src/processing_task.o
 .text.processing_task_init
                0x08002ca8       0x48 ./Core/Src/processing_task.o
                0x08002ca8                processing_task_init
 .text.vProcessingTask
                0x08002cf0       0xcc ./Core/Src/processing_task.o
                0x08002cf0                vProcessingTask
 .text.MX_FREERTOS_Init
                0x08002dbc       0x3c ./Core/Src/rtos_objects.o
                0x08002dbc                MX_FREERTOS_Init
 .text.sensor_task_init
                0x08002df8       0x48 ./Core/Src/sensor_task.o
                0x08002df8                sensor_task_init
 .text.vSensorTask
                0x08002e40      0x244 ./Core/Src/sensor_task.o
                0x08002e40                vSensorTask
 .text.HAL_MspInit
                0x08003084       0x58 ./Core/Src/stm32f4xx_hal_msp.o
                0x08003084                HAL_MspInit
 .text.HAL_ADC_MspInit
                0x080030dc       0x98 ./Core/Src/stm32f4xx_hal_msp.o
                0x080030dc                HAL_ADC_MspInit
 .text.HAL_I2C_MspInit
                0x08003174       0x90 ./Core/Src/stm32f4xx_hal_msp.o
                0x08003174                HAL_I2C_MspInit
 .text.HAL_I2C_MspDeInit
                0x08003204       0x44 ./Core/Src/stm32f4xx_hal_msp.o
                0x08003204                HAL_I2C_MspDeInit
 .text.HAL_TIM_Base_MspInit
                0x08003248       0x44 ./Core/Src/stm32f4xx_hal_msp.o
                0x08003248                HAL_TIM_Base_MspInit
 .text.HAL_UART_MspInit
                0x0800328c       0x98 ./Core/Src/stm32f4xx_hal_msp.o
                0x0800328c                HAL_UART_MspInit
 .text.HAL_ADC_ConvCpltCallback
                0x08003324       0x40 ./Core/Src/stm32f4xx_it.o
                0x08003324                HAL_ADC_ConvCpltCallback
 .text.NMI_Handler
                0x08003364        0x8 ./Core/Src/stm32f4xx_it.o
                0x08003364                NMI_Handler
 .text.HardFault_Handler
                0x0800336c        0x8 ./Core/Src/stm32f4xx_it.o
                0x0800336c                HardFault_Handler
 .text.MemManage_Handler
                0x08003374        0x8 ./Core/Src/stm32f4xx_it.o
                0x08003374                MemManage_Handler
 .text.BusFault_Handler
                0x0800337c        0x8 ./Core/Src/stm32f4xx_it.o
                0x0800337c                BusFault_Handler
 .text.UsageFault_Handler
                0x08003384        0x8 ./Core/Src/stm32f4xx_it.o
                0x08003384                UsageFault_Handler
 .text.DebugMon_Handler
                0x0800338c        0xe ./Core/Src/stm32f4xx_it.o
                0x0800338c                DebugMon_Handler
 .text.SysTick_Handler
                0x0800339a       0x1a ./Core/Src/stm32f4xx_it.o
                0x0800339a                SysTick_Handler
 .text.ADC_IRQHandler
                0x080033b4       0x14 ./Core/Src/stm32f4xx_it.o
                0x080033b4                ADC_IRQHandler
 .text.EXTI9_5_IRQHandler
                0x080033c8       0x10 ./Core/Src/stm32f4xx_it.o
                0x080033c8                EXTI9_5_IRQHandler
 .text._getpid  0x080033d8       0x10 ./Core/Src/syscalls.o
                0x080033d8                _getpid
 .text._kill    0x080033e8       0x20 ./Core/Src/syscalls.o
                0x080033e8                _kill
 .text._exit    0x08003408       0x16 ./Core/Src/syscalls.o
                0x08003408                _exit
 .text._read    0x0800341e       0x3a ./Core/Src/syscalls.o
                0x0800341e                _read
 .text._close   0x08003458       0x18 ./Core/Src/syscalls.o
                0x08003458                _close
 .text._fstat   0x08003470       0x20 ./Core/Src/syscalls.o
                0x08003470                _fstat
 .text._isatty  0x08003490       0x16 ./Core/Src/syscalls.o
                0x08003490                _isatty
 .text._lseek   0x080034a6       0x1a ./Core/Src/syscalls.o
                0x080034a6                _lseek
 .text._sbrk    0x080034c0       0x6c ./Core/Src/sysmem.o
                0x080034c0                _sbrk
 .text.SystemInit
                0x0800352c       0x24 ./Core/Src/system_stm32f4xx.o
                0x0800352c                SystemInit
 .text.Reset_Handler
                0x08003550       0x50 ./Core/Startup/startup_stm32f407vgtx.o
                0x08003550                Reset_Handler
 .text.Default_Handler
                0x080035a0        0x2 ./Core/Startup/startup_stm32f407vgtx.o
                0x080035a0                RTC_Alarm_IRQHandler
                0x080035a0                HASH_RNG_IRQHandler
                0x080035a0                EXTI2_IRQHandler
                0x080035a0                TIM8_CC_IRQHandler
                0x080035a0                TIM1_CC_IRQHandler
                0x080035a0                DMA2_Stream5_IRQHandler
                0x080035a0                DMA1_Stream5_IRQHandler
                0x080035a0                PVD_IRQHandler
                0x080035a0                SDIO_IRQHandler
                0x080035a0                TAMP_STAMP_IRQHandler
                0x080035a0                CAN2_RX1_IRQHandler
                0x080035a0                EXTI3_IRQHandler
                0x080035a0                TIM8_TRG_COM_TIM14_IRQHandler
                0x080035a0                TIM1_UP_TIM10_IRQHandler
                0x080035a0                TIM8_UP_TIM13_IRQHandler
                0x080035a0                I2C3_ER_IRQHandler
                0x080035a0                EXTI0_IRQHandler
                0x080035a0                I2C2_EV_IRQHandler
                0x080035a0                DMA1_Stream2_IRQHandler
                0x080035a0                CAN1_RX0_IRQHandler
                0x080035a0                FPU_IRQHandler
                0x080035a0                OTG_HS_WKUP_IRQHandler
                0x080035a0                CAN2_SCE_IRQHandler
                0x080035a0                DMA2_Stream2_IRQHandler
                0x080035a0                SPI1_IRQHandler
                0x080035a0                TIM6_DAC_IRQHandler
                0x080035a0                TIM1_BRK_TIM9_IRQHandler
                0x080035a0                DCMI_IRQHandler
                0x080035a0                CAN2_RX0_IRQHandler
                0x080035a0                DMA2_Stream3_IRQHandler
                0x080035a0                USART6_IRQHandler
                0x080035a0                USART3_IRQHandler
                0x080035a0                CAN1_RX1_IRQHandler
                0x080035a0                UART5_IRQHandler
                0x080035a0                DMA2_Stream0_IRQHandler
                0x080035a0                TIM4_IRQHandler
                0x080035a0                I2C1_EV_IRQHandler
                0x080035a0                DMA1_Stream6_IRQHandler
                0x080035a0                DMA1_Stream1_IRQHandler
                0x080035a0                UART4_IRQHandler
                0x080035a0                TIM3_IRQHandler
                0x080035a0                RCC_IRQHandler
                0x080035a0                TIM8_BRK_TIM12_IRQHandler
                0x080035a0                Default_Handler
                0x080035a0                EXTI15_10_IRQHandler
                0x080035a0                DMA1_Stream7_IRQHandler
                0x080035a0                TIM7_IRQHandler
                0x080035a0                CAN2_TX_IRQHandler
                0x080035a0                TIM5_IRQHandler
                0x080035a0                DMA2_Stream7_IRQHandler
                0x080035a0                I2C3_EV_IRQHandler
                0x080035a0                RTC_WKUP_IRQHandler
                0x080035a0                ETH_WKUP_IRQHandler
                0x080035a0                SPI2_IRQHandler
                0x080035a0                OTG_HS_EP1_IN_IRQHandler
                0x080035a0                DMA1_Stream0_IRQHandler
                0x080035a0                CAN1_TX_IRQHandler
                0x080035a0                EXTI4_IRQHandler
                0x080035a0                FSMC_IRQHandler
                0x080035a0                ETH_IRQHandler
                0x080035a0                OTG_HS_EP1_OUT_IRQHandler
                0x080035a0                WWDG_IRQHandler
                0x080035a0                TIM2_IRQHandler
                0x080035a0                OTG_FS_WKUP_IRQHandler
                0x080035a0                TIM1_TRG_COM_TIM11_IRQHandler
                0x080035a0                OTG_HS_IRQHandler
                0x080035a0                EXTI1_IRQHandler
                0x080035a0                I2C2_ER_IRQHandler
                0x080035a0                DMA2_Stream1_IRQHandler
                0x080035a0                CAN1_SCE_IRQHandler
                0x080035a0                FLASH_IRQHandler
                0x080035a0                DMA2_Stream4_IRQHandler
                0x080035a0                USART1_IRQHandler
                0x080035a0                OTG_FS_IRQHandler
                0x080035a0                SPI3_IRQHandler
                0x080035a0                DMA1_Stream4_IRQHandler
                0x080035a0                I2C1_ER_IRQHandler
                0x080035a0                DMA2_Stream6_IRQHandler
                0x080035a0                DMA1_Stream3_IRQHandler
 *fill*         0x080035a2        0x2 
 .text.HAL_Init
                0x080035a4       0x44 ./Drivers/STM32F4xx_HAL_Driver/Src/stm32f4xx_hal.o
                0x080035a4                HAL_Init
 .text.HAL_InitTick
                0x080035e8       0x60 ./Drivers/STM32F4xx_HAL_Driver/Src/stm32f4xx_hal.o
                0x080035e8                HAL_InitTick
 .text.HAL_IncTick
                0x08003648       0x28 ./Drivers/STM32F4xx_HAL_Driver/Src/stm32f4xx_hal.o
                0x08003648                HAL_IncTick
 .text.HAL_GetTick
                0x08003670       0x18 ./Drivers/STM32F4xx_HAL_Driver/Src/stm32f4xx_hal.o
                0x08003670                HAL_GetTick
 .text.HAL_Delay
                0x08003688       0x48 ./Drivers/STM32F4xx_HAL_Driver/Src/stm32f4xx_hal.o
                0x08003688                HAL_Delay
 .text.HAL_ADC_Init
                0x080036d0       0x86 ./Drivers/STM32F4xx_HAL_Driver/Src/stm32f4xx_hal_adc.o
                0x080036d0                HAL_ADC_Init
 *fill*         0x08003756        0x2 
 .text.HAL_ADC_Start
                0x08003758      0x1a4 ./Drivers/STM32F4xx_HAL_Driver/Src/stm32f4xx_hal_adc.o
                0x08003758                HAL_ADC_Start
 .text.HAL_ADC_PollForConversion
                0x080038fc      0x116 ./Drivers/STM32F4xx_HAL_Driver/Src/stm32f4xx_hal_adc.o
                0x080038fc                HAL_ADC_PollForConversion
 .text.HAL_ADC_IRQHandler
                0x08003a12      0x220 ./Drivers/STM32F4xx_HAL_Driver/Src/stm32f4xx_hal_adc.o
                0x08003a12                HAL_ADC_IRQHandler
 .text.HAL_ADC_GetValue
                0x08003c32       0x1a ./Drivers/STM32F4xx_HAL_Driver/Src/stm32f4xx_hal_adc.o
                0x08003c32                HAL_ADC_GetValue
 .text.HAL_ADC_LevelOutOfWindowCallback
                0x08003c4c       0x14 ./Drivers/STM32F4xx_HAL_Driver/Src/stm32f4xx_hal_adc.o
                0x08003c4c                HAL_ADC_LevelOutOfWindowCallback
 .text.HAL_ADC_ErrorCallback
                0x08003c60       0x14 ./Drivers/STM32F4xx_HAL_Driver/Src/stm32f4xx_hal_adc.o
                0x08003c60                HAL_ADC_ErrorCallback
 .text.HAL_ADC_ConfigChannel
                0x08003c74      0x244 ./Drivers/STM32F4xx_HAL_Driver/Src/stm32f4xx_hal_adc.o
                0x08003c74                HAL_ADC_ConfigChannel
 .text.ADC_Init
                0x08003eb8      0x1f8 ./Drivers/STM32F4xx_HAL_Driver/Src/stm32f4xx_hal_adc.o
 .text.HAL_ADCEx_InjectedConvCpltCallback
                0x080040b0       0x14 ./Drivers/STM32F4xx_HAL_Driver/Src/stm32f4xx_hal_adc_ex.o
                0x080040b0                HAL_ADCEx_InjectedConvCpltCallback
 .text.__NVIC_SetPriorityGrouping
                0x080040c4       0x48 ./Drivers/STM32F4xx_HAL_Driver/Src/stm32f4xx_hal_cortex.o
 .text.__NVIC_GetPriorityGrouping
                0x0800410c       0x1c ./Drivers/STM32F4xx_HAL_Driver/Src/stm32f4xx_hal_cortex.o
 .text.__NVIC_EnableIRQ
                0x08004128       0x3c ./Drivers/STM32F4xx_HAL_Driver/Src/stm32f4xx_hal_cortex.o
 .text.__NVIC_ClearPendingIRQ
                0x08004164       0x3c ./Drivers/STM32F4xx_HAL_Driver/Src/stm32f4xx_hal_cortex.o
 .text.__NVIC_SetPriority
                0x080041a0       0x54 ./Drivers/STM32F4xx_HAL_Driver/Src/stm32f4xx_hal_cortex.o
 .text.NVIC_EncodePriority
                0x080041f4       0x66 ./Drivers/STM32F4xx_HAL_Driver/Src/stm32f4xx_hal_cortex.o
 *fill*         0x0800425a        0x2 
 .text.SysTick_Config
                0x0800425c       0x44 ./Drivers/STM32F4xx_HAL_Driver/Src/stm32f4xx_hal_cortex.o
 .text.HAL_NVIC_SetPriorityGrouping
                0x080042a0       0x16 ./Drivers/STM32F4xx_HAL_Driver/Src/stm32f4xx_hal_cortex.o
                0x080042a0                HAL_NVIC_SetPriorityGrouping
 .text.HAL_NVIC_SetPriority
                0x080042b6       0x38 ./Drivers/STM32F4xx_HAL_Driver/Src/stm32f4xx_hal_cortex.o
                0x080042b6                HAL_NVIC_SetPriority
 .text.HAL_NVIC_EnableIRQ
                0x080042ee       0x1c ./Drivers/STM32F4xx_HAL_Driver/Src/stm32f4xx_hal_cortex.o
                0x080042ee                HAL_NVIC_EnableIRQ
 .text.HAL_SYSTICK_Config
                0x0800430a       0x18 ./Drivers/STM32F4xx_HAL_Driver/Src/stm32f4xx_hal_cortex.o
                0x0800430a                HAL_SYSTICK_Config
 .text.HAL_NVIC_ClearPendingIRQ
                0x08004322       0x1c ./Drivers/STM32F4xx_HAL_Driver/Src/stm32f4xx_hal_cortex.o
                0x08004322                HAL_NVIC_ClearPendingIRQ
 *fill*         0x0800433e        0x2 
 .text.HAL_GPIO_Init
                0x08004340      0x338 ./Drivers/STM32F4xx_HAL_Driver/Src/stm32f4xx_hal_gpio.o
                0x08004340                HAL_GPIO_Init
 .text.HAL_GPIO_DeInit
                0x08004678      0x1f8 ./Drivers/STM32F4xx_HAL_Driver/Src/stm32f4xx_hal_gpio.o
                0x08004678                HAL_GPIO_DeInit
 .text.HAL_GPIO_ReadPin
                0x08004870       0x30 ./Drivers/STM32F4xx_HAL_Driver/Src/stm32f4xx_hal_gpio.o
                0x08004870                HAL_GPIO_ReadPin
 .text.HAL_GPIO_WritePin
                0x080048a0       0x32 ./Drivers/STM32F4xx_HAL_Driver/Src/stm32f4xx_hal_gpio.o
                0x080048a0                HAL_GPIO_WritePin
 .text.HAL_GPIO_TogglePin
                0x080048d2       0x34 ./Drivers/STM32F4xx_HAL_Driver/Src/stm32f4xx_hal_gpio.o
                0x080048d2                HAL_GPIO_TogglePin
 *fill*         0x08004906        0x2 
 .text.HAL_GPIO_EXTI_IRQHandler
                0x08004908       0x30 ./Drivers/STM32F4xx_HAL_Driver/Src/stm32f4xx_hal_gpio.o
                0x08004908                HAL_GPIO_EXTI_IRQHandler
 .text.HAL_I2C_Init
                0x08004938      0x288 ./Drivers/STM32F4xx_HAL_Driver/Src/stm32f4xx_hal_i2c.o
                0x08004938                HAL_I2C_Init
 .text.HAL_I2C_DeInit
                0x08004bc0       0x5e ./Drivers/STM32F4xx_HAL_Driver/Src/stm32f4xx_hal_i2c.o
                0x08004bc0                HAL_I2C_DeInit
 *fill*         0x08004c1e        0x2 
 .text.HAL_I2C_Master_Transmit
                0x08004c20      0x1fc ./Drivers/STM32F4xx_HAL_Driver/Src/stm32f4xx_hal_i2c.o
                0x08004c20                HAL_I2C_Master_Transmit
 .text.HAL_I2C_Mem_Read
                0x08004e1c      0x464 ./Drivers/STM32F4xx_HAL_Driver/Src/stm32f4xx_hal_i2c.o
                0x08004e1c                HAL_I2C_Mem_Read
 .text.HAL_I2C_IsDeviceReady
                0x08005280      0x25c ./Drivers/STM32F4xx_HAL_Driver/Src/stm32f4xx_hal_i2c.o
                0x08005280                HAL_I2C_IsDeviceReady
 .text.I2C_MasterRequestWrite
                0x080054dc      0x104 ./Drivers/STM32F4xx_HAL_Driver/Src/stm32f4xx_hal_i2c.o
 .text.I2C_RequestMemoryRead
                0x080055e0      0x1d0 ./Drivers/STM32F4xx_HAL_Driver/Src/stm32f4xx_hal_i2c.o
 .text.I2C_WaitOnFlagUntilTimeout
                0x080057b0       0xf4 ./Drivers/STM32F4xx_HAL_Driver/Src/stm32f4xx_hal_i2c.o
 .text.I2C_WaitOnMasterAddressFlagUntilTimeout
                0x080058a4      0x140 ./Drivers/STM32F4xx_HAL_Driver/Src/stm32f4xx_hal_i2c.o
 .text.I2C_WaitOnTXEFlagUntilTimeout
                0x080059e4       0x90 ./Drivers/STM32F4xx_HAL_Driver/Src/stm32f4xx_hal_i2c.o
 .text.I2C_WaitOnBTFFlagUntilTimeout
                0x08005a74       0x90 ./Drivers/STM32F4xx_HAL_Driver/Src/stm32f4xx_hal_i2c.o
 .text.I2C_WaitOnRXNEFlagUntilTimeout
                0x08005b04       0xba ./Drivers/STM32F4xx_HAL_Driver/Src/stm32f4xx_hal_i2c.o
 .text.I2C_IsAcknowledgeFailed
                0x08005bbe       0x5e ./Drivers/STM32F4xx_HAL_Driver/Src/stm32f4xx_hal_i2c.o
 .text.HAL_RCC_OscConfig
                0x08005c1c      0x4f0 ./Drivers/STM32F4xx_HAL_Driver/Src/stm32f4xx_hal_rcc.o
                0x08005c1c                HAL_RCC_OscConfig
 .text.HAL_RCC_ClockConfig
                0x0800610c      0x1cc ./Drivers/STM32F4xx_HAL_Driver/Src/stm32f4xx_hal_rcc.o
                0x0800610c                HAL_RCC_ClockConfig
 .text.HAL_RCC_GetSysClockFreq
                0x080062d8      0x20c ./Drivers/STM32F4xx_HAL_Driver/Src/stm32f4xx_hal_rcc.o
                0x080062d8                HAL_RCC_GetSysClockFreq
 .text.HAL_RCC_GetHCLKFreq
                0x080064e4       0x18 ./Drivers/STM32F4xx_HAL_Driver/Src/stm32f4xx_hal_rcc.o
                0x080064e4                HAL_RCC_GetHCLKFreq
 .text.HAL_RCC_GetPCLK1Freq
                0x080064fc       0x28 ./Drivers/STM32F4xx_HAL_Driver/Src/stm32f4xx_hal_rcc.o
                0x080064fc                HAL_RCC_GetPCLK1Freq
 .text.HAL_RCC_GetPCLK2Freq
                0x08006524       0x28 ./Drivers/STM32F4xx_HAL_Driver/Src/stm32f4xx_hal_rcc.o
                0x08006524                HAL_RCC_GetPCLK2Freq
 .text.HAL_TIM_Base_Init
                0x0800654c       0x9e ./Drivers/STM32F4xx_HAL_Driver/Src/stm32f4xx_hal_tim.o
                0x0800654c                HAL_TIM_Base_Init
 *fill*         0x080065ea        0x2 
 .text.HAL_TIM_Base_Start
                0x080065ec       0xd0 ./Drivers/STM32F4xx_HAL_Driver/Src/stm32f4xx_hal_tim.o
                0x080065ec                HAL_TIM_Base_Start
 .text.HAL_TIM_ConfigClockSource
                0x080066bc      0x18e ./Drivers/STM32F4xx_HAL_Driver/Src/stm32f4xx_hal_tim.o
                0x080066bc                HAL_TIM_ConfigClockSource
 *fill*         0x0800684a        0x2 
 .text.TIM_Base_SetConfig
                0x0800684c      0x14c ./Drivers/STM32F4xx_HAL_Driver/Src/stm32f4xx_hal_tim.o
                0x0800684c                TIM_Base_SetConfig
 .text.TIM_TI1_ConfigInputStage
                0x08006998       0x5e ./Drivers/STM32F4xx_HAL_Driver/Src/stm32f4xx_hal_tim.o
 .text.TIM_TI2_ConfigInputStage
                0x080069f6       0x60 ./Drivers/STM32F4xx_HAL_Driver/Src/stm32f4xx_hal_tim.o
 .text.TIM_ITRx_SetConfig
                0x08006a56       0x36 ./Drivers/STM32F4xx_HAL_Driver/Src/stm32f4xx_hal_tim.o
 .text.TIM_ETR_SetConfig
                0x08006a8c       0x40 ./Drivers/STM32F4xx_HAL_Driver/Src/stm32f4xx_hal_tim.o
                0x08006a8c                TIM_ETR_SetConfig
 .text.HAL_TIMEx_MasterConfigSynchronization
                0x08006acc       0xf8 ./Drivers/STM32F4xx_HAL_Driver/Src/stm32f4xx_hal_tim_ex.o
                0x08006acc                HAL_TIMEx_MasterConfigSynchronization
 .text.HAL_UART_Init
                0x08006bc4       0xa0 ./Drivers/STM32F4xx_HAL_Driver/Src/stm32f4xx_hal_uart.o
                0x08006bc4                HAL_UART_Init
 .text.HAL_UART_Transmit
                0x08006c64      0x116 ./Drivers/STM32F4xx_HAL_Driver/Src/stm32f4xx_hal_uart.o
                0x08006c64                HAL_UART_Transmit
 .text.HAL_UART_Receive
                0x08006d7a      0x12e ./Drivers/STM32F4xx_HAL_Driver/Src/stm32f4xx_hal_uart.o
                0x08006d7a                HAL_UART_Receive
 .text.UART_WaitOnFlagUntilTimeout
                0x08006ea8       0xb2 ./Drivers/STM32F4xx_HAL_Driver/Src/stm32f4xx_hal_uart.o
 .text.UART_EndRxTransfer
                0x08006f5a       0xc6 ./Drivers/STM32F4xx_HAL_Driver/Src/stm32f4xx_hal_uart.o
 .text.UART_SetConfig
                0x08007020      0x4e8 ./Drivers/STM32F4xx_HAL_Driver/Src/stm32f4xx_hal_uart.o
 .text.__NVIC_SetPriority
                0x08007508       0x54 ./Middlewares/Third_Party/FreeRTOS/Source/CMSIS_RTOS_V2/cmsis_os2.o
 .text.SVC_Setup
                0x0800755c       0x12 ./Middlewares/Third_Party/FreeRTOS/Source/CMSIS_RTOS_V2/cmsis_os2.o
 *fill*         0x0800756e        0x2 
 .text.osKernelInitialize
                0x08007570       0x48 ./Middlewares/Third_Party/FreeRTOS/Source/CMSIS_RTOS_V2/cmsis_os2.o
                0x08007570                osKernelInitialize
 .text.osKernelStart
                0x080075b8       0x4c ./Middlewares/Third_Party/FreeRTOS/Source/CMSIS_RTOS_V2/cmsis_os2.o
                0x080075b8                osKernelStart
 .text.osThreadNew
                0x08007604      0x124 ./Middlewares/Third_Party/FreeRTOS/Source/CMSIS_RTOS_V2/cmsis_os2.o
                0x08007604                osThreadNew
 .text.osThreadFlagsSet
                0x08007728       0x9c ./Middlewares/Third_Party/FreeRTOS/Source/CMSIS_RTOS_V2/cmsis_os2.o
                0x08007728                osThreadFlagsSet
 .text.osThreadFlagsWait
                0x080077c4      0x102 ./Middlewares/Third_Party/FreeRTOS/Source/CMSIS_RTOS_V2/cmsis_os2.o
                0x080077c4                osThreadFlagsWait
 .text.osDelay  0x080078c6       0x36 ./Middlewares/Third_Party/FreeRTOS/Source/CMSIS_RTOS_V2/cmsis_os2.o
                0x080078c6                osDelay
 .text.osSemaphoreRelease
                0x080078fc       0x88 ./Middlewares/Third_Party/FreeRTOS/Source/CMSIS_RTOS_V2/cmsis_os2.o
                0x080078fc                osSemaphoreRelease
 .text.osMessageQueueNew
                0x08007984       0xe6 ./Middlewares/Third_Party/FreeRTOS/Source/CMSIS_RTOS_V2/cmsis_os2.o
                0x08007984                osMessageQueueNew
 *fill*         0x08007a6a        0x2 
 .text.osMessageQueuePut
                0x08007a6c       0xc0 ./Middlewares/Third_Party/FreeRTOS/Source/CMSIS_RTOS_V2/cmsis_os2.o
                0x08007a6c                osMessageQueuePut
 .text.osMessageQueueGet
                0x08007b2c       0xbc ./Middlewares/Third_Party/FreeRTOS/Source/CMSIS_RTOS_V2/cmsis_os2.o
                0x08007b2c                osMessageQueueGet
 .text.vApplicationGetIdleTaskMemory
                0x08007be8       0x34 ./Middlewares/Third_Party/FreeRTOS/Source/CMSIS_RTOS_V2/cmsis_os2.o
                0x08007be8                vApplicationGetIdleTaskMemory
 .text.vApplicationGetTimerTaskMemory
                0x08007c1c       0x34 ./Middlewares/Third_Party/FreeRTOS/Source/CMSIS_RTOS_V2/cmsis_os2.o
                0x08007c1c                vApplicationGetTimerTaskMemory
 .text.vListInitialise
                0x08007c50       0x40 ./Middlewares/Third_Party/FreeRTOS/Source/list.o
                0x08007c50                vListInitialise
 .text.vListInitialiseItem
                0x08007c90       0x1a ./Middlewares/Third_Party/FreeRTOS/Source/list.o
                0x08007c90                vListInitialiseItem
 .text.vListInsertEnd
                0x08007caa       0x48 ./Middlewares/Third_Party/FreeRTOS/Source/list.o
                0x08007caa                vListInsertEnd
 .text.vListInsert
                0x08007cf2       0x72 ./Middlewares/Third_Party/FreeRTOS/Source/list.o
                0x08007cf2                vListInsert
 .text.uxListRemove
                0x08007d64       0x54 ./Middlewares/Third_Party/FreeRTOS/Source/list.o
                0x08007d64                uxListRemove
 .text.xQueueGenericReset
                0x08007db8       0xd4 ./Middlewares/Third_Party/FreeRTOS/Source/queue.o
                0x08007db8                xQueueGenericReset
 .text.xQueueGenericCreateStatic
                0x08007e8c       0xfa ./Middlewares/Third_Party/FreeRTOS/Source/queue.o
                0x08007e8c                xQueueGenericCreateStatic
 .text.xQueueGenericCreate
                0x08007f86       0x76 ./Middlewares/Third_Party/FreeRTOS/Source/queue.o
                0x08007f86                xQueueGenericCreate
 .text.prvInitialiseNewQueue
                0x08007ffc       0x46 ./Middlewares/Third_Party/FreeRTOS/Source/queue.o
 *fill*         0x08008042        0x2 
 .text.xQueueGenericSend
                0x08008044      0x204 ./Middlewares/Third_Party/FreeRTOS/Source/queue.o
                0x08008044                xQueueGenericSend
 .text.xQueueGenericSendFromISR
                0x08008248      0x13c ./Middlewares/Third_Party/FreeRTOS/Source/queue.o
                0x08008248                xQueueGenericSendFromISR
 .text.xQueueGiveFromISR
                0x08008384      0x120 ./Middlewares/Third_Party/FreeRTOS/Source/queue.o
                0x08008384                xQueueGiveFromISR
 .text.xQueueReceive
                0x080084a4      0x1c4 ./Middlewares/Third_Party/FreeRTOS/Source/queue.o
                0x080084a4                xQueueReceive
 .text.xQueueReceiveFromISR
                0x08008668      0x104 ./Middlewares/Third_Party/FreeRTOS/Source/queue.o
                0x08008668                xQueueReceiveFromISR
 .text.prvCopyDataToQueue
                0x0800876c       0xd4 ./Middlewares/Third_Party/FreeRTOS/Source/queue.o
 .text.prvCopyDataFromQueue
                0x08008840       0x4c ./Middlewares/Third_Party/FreeRTOS/Source/queue.o
 .text.prvUnlockQueue
                0x0800888c       0xa4 ./Middlewares/Third_Party/FreeRTOS/Source/queue.o
 .text.prvIsQueueEmpty
                0x08008930       0x2c ./Middlewares/Third_Party/FreeRTOS/Source/queue.o
 .text.prvIsQueueFull
                0x0800895c       0x30 ./Middlewares/Third_Party/FreeRTOS/Source/queue.o
 .text.vQueueAddToRegistry
                0x0800898c       0x54 ./Middlewares/Third_Party/FreeRTOS/Source/queue.o
                0x0800898c                vQueueAddToRegistry
 .text.vQueueWaitForMessageRestricted
                0x080089e0       0x68 ./Middlewares/Third_Party/FreeRTOS/Source/queue.o
                0x080089e0                vQueueWaitForMessageRestricted
 .text.xTaskCreateStatic
                0x08008a48       0xc0 ./Middlewares/Third_Party/FreeRTOS/Source/tasks.o
                0x08008a48                xTaskCreateStatic
 .text.xTaskCreate
                0x08008b08       0x8a ./Middlewares/Third_Party/FreeRTOS/Source/tasks.o
                0x08008b08                xTaskCreate
 .text.prvInitialiseNewTask
                0x08008b92      0x120 ./Middlewares/Third_Party/FreeRTOS/Source/tasks.o
 *fill*         0x08008cb2        0x2 
 .text.prvAddNewTaskToReadyList
                0x08008cb4       0xe0 ./Middlewares/Third_Party/FreeRTOS/Source/tasks.o
 .text.vTaskDelay
                0x08008d94       0x6c ./Middlewares/Third_Party/FreeRTOS/Source/tasks.o
                0x08008d94                vTaskDelay
 .text.vTaskStartScheduler
                0x08008e00       0xd0 ./Middlewares/Third_Party/FreeRTOS/Source/tasks.o
                0x08008e00                vTaskStartScheduler
 .text.vTaskSuspendAll
                0x08008ed0       0x1c ./Middlewares/Third_Party/FreeRTOS/Source/tasks.o
                0x08008ed0                vTaskSuspendAll
 .text.xTaskResumeAll
                0x08008eec      0x13c ./Middlewares/Third_Party/FreeRTOS/Source/tasks.o
                0x08008eec                xTaskResumeAll
 .text.xTaskGetTickCount
                0x08009028       0x20 ./Middlewares/Third_Party/FreeRTOS/Source/tasks.o
                0x08009028                xTaskGetTickCount
 .text.xTaskGetTickCountFromISR
                0x08009048       0x24 ./Middlewares/Third_Party/FreeRTOS/Source/tasks.o
                0x08009048                xTaskGetTickCountFromISR
 .text.xTaskIncrementTick
                0x0800906c      0x174 ./Middlewares/Third_Party/FreeRTOS/Source/tasks.o
                0x0800906c                xTaskIncrementTick
 .text.vTaskSwitchContext
                0x080091e0       0xbc ./Middlewares/Third_Party/FreeRTOS/Source/tasks.o
                0x080091e0                vTaskSwitchContext
 .text.vTaskPlaceOnEventList
                0x0800929c       0x4c ./Middlewares/Third_Party/FreeRTOS/Source/tasks.o
                0x0800929c                vTaskPlaceOnEventList
 .text.vTaskPlaceOnEventListRestricted
                0x080092e8       0x58 ./Middlewares/Third_Party/FreeRTOS/Source/tasks.o
                0x080092e8                vTaskPlaceOnEventListRestricted
 .text.xTaskRemoveFromEventList
                0x08009340       0xc8 ./Middlewares/Third_Party/FreeRTOS/Source/tasks.o
                0x08009340                xTaskRemoveFromEventList
 .text.vTaskInternalSetTimeOutState
                0x08009408       0x2c ./Middlewares/Third_Party/FreeRTOS/Source/tasks.o
                0x08009408                vTaskInternalSetTimeOutState
 .text.xTaskCheckForTimeOut
                0x08009434       0xc8 ./Middlewares/Third_Party/FreeRTOS/Source/tasks.o
                0x08009434                xTaskCheckForTimeOut
 .text.vTaskMissedYield
                0x080094fc       0x18 ./Middlewares/Third_Party/FreeRTOS/Source/tasks.o
                0x080094fc                vTaskMissedYield
 .text.prvIdleTask
                0x08009514       0x30 ./Middlewares/Third_Party/FreeRTOS/Source/tasks.o
 .text.prvInitialiseTaskLists
                0x08009544       0x80 ./Middlewares/Third_Party/FreeRTOS/Source/tasks.o
 .text.prvCheckTasksWaitingTermination
                0x080095c4       0x5c ./Middlewares/Third_Party/FreeRTOS/Source/tasks.o
 .text.prvTaskCheckFreeStackSpace
                0x08009620       0x38 ./Middlewares/Third_Party/FreeRTOS/Source/tasks.o
 .text.uxTaskGetStackHighWaterMark
                0x08009658       0x38 ./Middlewares/Third_Party/FreeRTOS/Source/tasks.o
                0x08009658                uxTaskGetStackHighWaterMark
 .text.prvDeleteTCB
                0x08009690       0x60 ./Middlewares/Third_Party/FreeRTOS/Source/tasks.o
 .text.prvResetNextTaskUnblockTime
                0x080096f0       0x40 ./Middlewares/Third_Party/FreeRTOS/Source/tasks.o
 .text.xTaskGetSchedulerState
                0x08009730       0x3c ./Middlewares/Third_Party/FreeRTOS/Source/tasks.o
                0x08009730                xTaskGetSchedulerState
 .text.xTaskPriorityDisinherit
                0x0800976c       0xe0 ./Middlewares/Third_Party/FreeRTOS/Source/tasks.o
                0x0800976c                xTaskPriorityDisinherit
 .text.xTaskNotifyWait
                0x0800984c       0xb4 ./Middlewares/Third_Party/FreeRTOS/Source/tasks.o
                0x0800984c                xTaskNotifyWait
 .text.xTaskGenericNotify
                0x08009900      0x174 ./Middlewares/Third_Party/FreeRTOS/Source/tasks.o
                0x08009900                xTaskGenericNotify
 .text.xTaskGenericNotifyFromISR
                0x08009a74      0x1c0 ./Middlewares/Third_Party/FreeRTOS/Source/tasks.o
                0x08009a74                xTaskGenericNotifyFromISR
 .text.prvAddCurrentTaskToDelayedList
                0x08009c34       0xa8 ./Middlewares/Third_Party/FreeRTOS/Source/tasks.o
 .text.xTimerCreateTimerTask
                0x08009cdc       0x94 ./Middlewares/Third_Party/FreeRTOS/Source/timers.o
                0x08009cdc                xTimerCreateTimerTask
 .text.xTimerGenericCommand
                0x08009d70       0x9c ./Middlewares/Third_Party/FreeRTOS/Source/timers.o
                0x08009d70                xTimerGenericCommand
 .text.prvProcessExpiredTimer
                0x08009e0c       0x9c ./Middlewares/Third_Party/FreeRTOS/Source/timers.o
 .text.prvTimerTask
                0x08009ea8       0x26 ./Middlewares/Third_Party/FreeRTOS/Source/timers.o
 *fill*         0x08009ece        0x2 
 .text.prvProcessTimerOrBlockTask
                0x08009ed0       0x9c ./Middlewares/Third_Party/FreeRTOS/Source/timers.o
 .text.prvGetNextExpireTime
                0x08009f6c       0x48 ./Middlewares/Third_Party/FreeRTOS/Source/timers.o
 .text.prvSampleTimeNow
                0x08009fb4       0x40 ./Middlewares/Third_Party/FreeRTOS/Source/timers.o
 .text.prvInsertTimerInActiveList
                0x08009ff4       0x84 ./Middlewares/Third_Party/FreeRTOS/Source/timers.o
 .text.prvProcessReceivedCommands
                0x0800a078      0x1cc ./Middlewares/Third_Party/FreeRTOS/Source/timers.o
 .text.prvSwitchTimerLists
                0x0800a244       0xcc ./Middlewares/Third_Party/FreeRTOS/Source/timers.o
 .text.prvCheckForValidListAndQueue
                0x0800a310       0x80 ./Middlewares/Third_Party/FreeRTOS/Source/timers.o
 .text.pxPortInitialiseStack
                0x0800a390       0x68 ./Middlewares/Third_Party/FreeRTOS/Source/portable/GCC/ARM_CM4F/port.o
                0x0800a390                pxPortInitialiseStack
 .text.prvTaskExitError
                0x0800a3f8       0x5c ./Middlewares/Third_Party/FreeRTOS/Source/portable/GCC/ARM_CM4F/port.o
 *fill*         0x0800a454        0xc 
 .text.SVC_Handler
                0x0800a460       0x28 ./Middlewares/Third_Party/FreeRTOS/Source/portable/GCC/ARM_CM4F/port.o
                0x0800a460                SVC_Handler
 .text.prvPortStartFirstTask
                0x0800a488       0x28 ./Middlewares/Third_Party/FreeRTOS/Source/portable/GCC/ARM_CM4F/port.o
 .text.xPortStartScheduler
                0x0800a4b0      0x148 ./Middlewares/Third_Party/FreeRTOS/Source/portable/GCC/ARM_CM4F/port.o
                0x0800a4b0                xPortStartScheduler
 .text.vPortEnterCritical
                0x0800a5f8       0x64 ./Middlewares/Third_Party/FreeRTOS/Source/portable/GCC/ARM_CM4F/port.o
                0x0800a5f8                vPortEnterCritical
 .text.vPortExitCritical
                0x0800a65c       0x54 ./Middlewares/Third_Party/FreeRTOS/Source/portable/GCC/ARM_CM4F/port.o
                0x0800a65c                vPortExitCritical
 .text.PendSV_Handler
                0x0800a6b0       0x68 ./Middlewares/Third_Party/FreeRTOS/Source/portable/GCC/ARM_CM4F/port.o
                0x0800a6b0                PendSV_Handler
 .text.xPortSysTickHandler
                0x0800a718       0x44 ./Middlewares/Third_Party/FreeRTOS/Source/portable/GCC/ARM_CM4F/port.o
                0x0800a718                xPortSysTickHandler
 .text.vPortSetupTimerInterrupt
                0x0800a75c       0x48 ./Middlewares/Third_Party/FreeRTOS/Source/portable/GCC/ARM_CM4F/port.o
                0x0800a75c                vPortSetupTimerInterrupt
 .text.vPortEnableVFP
                0x0800a7a4       0x14 ./Middlewares/Third_Party/FreeRTOS/Source/portable/GCC/ARM_CM4F/port.o
 .text.vPortValidateInterruptPriority
                0x0800a7b8       0x84 ./Middlewares/Third_Party/FreeRTOS/Source/portable/GCC/ARM_CM4F/port.o
                0x0800a7b8                vPortValidateInterruptPriority
 .text.pvPortMalloc
                0x0800a83c      0x19c ./Middlewares/Third_Party/FreeRTOS/Source/portable/MemMang/heap_4.o
                0x0800a83c                pvPortMalloc
 .text.vPortFree
                0x0800a9d8       0xc8 ./Middlewares/Third_Party/FreeRTOS/Source/portable/MemMang/heap_4.o
                0x0800a9d8                vPortFree
 .text.prvHeapInit
                0x0800aaa0       0xc4 ./Middlewares/Third_Party/FreeRTOS/Source/portable/MemMang/heap_4.o
 .text.prvInsertBlockIntoFreeList
                0x0800ab64       0xb4 ./Middlewares/Third_Party/FreeRTOS/Source/portable/MemMang/heap_4.o
 .text._cbSendSystemDesc
                0x0800ac18       0x1c ./Middlewares/Third_Party/SEGGER/Config/SEGGER_SYSVIEW_Config_FreeRTOS.o
 .text.SEGGER_SYSVIEW_Conf
                0x0800ac34       0x2c ./Middlewares/Third_Party/SEGGER/Config/SEGGER_SYSVIEW_Config_FreeRTOS.o
                0x0800ac34                SEGGER_SYSVIEW_Conf
 .text._cbSendTaskList
                0x0800ac60       0xbc ./Middlewares/Third_Party/SEGGER/OS/SEGGER_SYSVIEW_FreeRTOS.o
 .text._cbGetTime
                0x0800ad1c       0x86 ./Middlewares/Third_Party/SEGGER/OS/SEGGER_SYSVIEW_FreeRTOS.o
 .text.SYSVIEW_SendTaskInfo
                0x0800ada2       0x42 ./Middlewares/Third_Party/SEGGER/OS/SEGGER_SYSVIEW_FreeRTOS.o
                0x0800ada2                SYSVIEW_SendTaskInfo
 .text.USART2_IRQHandler
                0x0800ade4       0x94 ./Middlewares/Third_Party/SEGGER/Rec/segger_uart.o
                0x0800ade4                USART2_IRQHandler
 .text._DoInit  0x0800ae78       0xb4 ./Middlewares/Third_Party/SEGGER/SEGGER/SEGGER_RTT.o
 .text._WriteBlocking
                0x0800af2c       0xba ./Middlewares/Third_Party/SEGGER/SEGGER/SEGGER_RTT.o
 .text._WriteNoCheck
                0x0800afe6       0x90 ./Middlewares/Third_Party/SEGGER/SEGGER/SEGGER_RTT.o
 .text._GetAvailWriteSpace
                0x0800b076       0x46 ./Middlewares/Third_Party/SEGGER/SEGGER/SEGGER_RTT.o
 .text.SEGGER_RTT_ReadNoLock
                0x0800b0bc      0x10c ./Middlewares/Third_Party/SEGGER/SEGGER/SEGGER_RTT.o
                0x0800b0bc                SEGGER_RTT_ReadNoLock
 .text.SEGGER_RTT_WriteNoLock
                0x0800b1c8       0xa0 ./Middlewares/Third_Party/SEGGER/SEGGER/SEGGER_RTT.o
                0x0800b1c8                SEGGER_RTT_WriteNoLock
 .text.SEGGER_RTT_Write
                0x0800b268       0x4c ./Middlewares/Third_Party/SEGGER/SEGGER/SEGGER_RTT.o
                0x0800b268                SEGGER_RTT_Write
 .text.SEGGER_RTT_AllocUpBuffer
                0x0800b2b4      0x108 ./Middlewares/Third_Party/SEGGER/SEGGER/SEGGER_RTT.o
                0x0800b2b4                SEGGER_RTT_AllocUpBuffer
 .text.SEGGER_RTT_ConfigDownBuffer
                0x0800b3bc       0x98 ./Middlewares/Third_Party/SEGGER/SEGGER/SEGGER_RTT.o
                0x0800b3bc                SEGGER_RTT_ConfigDownBuffer
 .text._EncodeStr
                0x0800b454       0x72 ./Middlewares/Third_Party/SEGGER/SEGGER/SEGGER_SYSVIEW.o
 .text._PreparePacket
                0x0800b4c6       0x18 ./Middlewares/Third_Party/SEGGER/SEGGER/SEGGER_SYSVIEW.o
 *fill*         0x0800b4de        0x2 
 .text._HandleIncomingPacket
                0x0800b4e0       0xdc ./Middlewares/Third_Party/SEGGER/SEGGER/SEGGER_SYSVIEW.o
 .text._TrySendOverflowPacket
                0x0800b5bc       0xe4 ./Middlewares/Third_Party/SEGGER/SEGGER/SEGGER_SYSVIEW.o
 .text._SendPacket
                0x0800b6a0      0x2dc ./Middlewares/Third_Party/SEGGER/SEGGER/SEGGER_SYSVIEW.o
 .text.SEGGER_SYSVIEW_Init
                0x0800b97c       0x88 ./Middlewares/Third_Party/SEGGER/SEGGER/SEGGER_SYSVIEW.o
                0x0800b97c                SEGGER_SYSVIEW_Init
 .text.SEGGER_SYSVIEW_SetRAMBase
                0x0800ba04       0x20 ./Middlewares/Third_Party/SEGGER/SEGGER/SEGGER_SYSVIEW.o
                0x0800ba04                SEGGER_SYSVIEW_SetRAMBase
 .text.SEGGER_SYSVIEW_RecordVoid
                0x0800ba24       0x3c ./Middlewares/Third_Party/SEGGER/SEGGER/SEGGER_SYSVIEW.o
                0x0800ba24                SEGGER_SYSVIEW_RecordVoid
 .text.SEGGER_SYSVIEW_RecordU32
                0x0800ba60       0x78 ./Middlewares/Third_Party/SEGGER/SEGGER/SEGGER_SYSVIEW.o
                0x0800ba60                SEGGER_SYSVIEW_RecordU32
 .text.SEGGER_SYSVIEW_RecordU32x2
                0x0800bad8       0xb4 ./Middlewares/Third_Party/SEGGER/SEGGER/SEGGER_SYSVIEW.o
                0x0800bad8                SEGGER_SYSVIEW_RecordU32x2
 .text.SEGGER_SYSVIEW_Start
                0x0800bb8c      0x174 ./Middlewares/Third_Party/SEGGER/SEGGER/SEGGER_SYSVIEW.o
                0x0800bb8c                SEGGER_SYSVIEW_Start
 .text.SEGGER_SYSVIEW_Stop
                0x0800bd00       0x4c ./Middlewares/Third_Party/SEGGER/SEGGER/SEGGER_SYSVIEW.o
                0x0800bd00                SEGGER_SYSVIEW_Stop
 .text.SEGGER_SYSVIEW_GetSysDesc
                0x0800bd4c      0x134 ./Middlewares/Third_Party/SEGGER/SEGGER/SEGGER_SYSVIEW.o
                0x0800bd4c                SEGGER_SYSVIEW_GetSysDesc
 .text.SEGGER_SYSVIEW_SendTaskInfo
                0x0800be80      0x1c8 ./Middlewares/Third_Party/SEGGER/SEGGER/SEGGER_SYSVIEW.o
                0x0800be80                SEGGER_SYSVIEW_SendTaskInfo
 .text.SEGGER_SYSVIEW_SendTaskList
                0x0800c048       0x28 ./Middlewares/Third_Party/SEGGER/SEGGER/SEGGER_SYSVIEW.o
                0x0800c048                SEGGER_SYSVIEW_SendTaskList
 .text.SEGGER_SYSVIEW_SendSysDesc
                0x0800c070       0x48 ./Middlewares/Third_Party/SEGGER/SEGGER/SEGGER_SYSVIEW.o
                0x0800c070                SEGGER_SYSVIEW_SendSysDesc
 .text.SEGGER_SYSVIEW_RecordSystime
                0x0800c0b8       0x64 ./Middlewares/Third_Party/SEGGER/SEGGER/SEGGER_SYSVIEW.o
                0x0800c0b8                SEGGER_SYSVIEW_RecordSystime
 .text.SEGGER_SYSVIEW_SendModule
                0x0800c11c      0x114 ./Middlewares/Third_Party/SEGGER/SEGGER/SEGGER_SYSVIEW.o
                0x0800c11c                SEGGER_SYSVIEW_SendModule
 .text.SEGGER_SYSVIEW_SendModuleDescription
                0x0800c230       0x3c ./Middlewares/Third_Party/SEGGER/SEGGER/SEGGER_SYSVIEW.o
                0x0800c230                SEGGER_SYSVIEW_SendModuleDescription
 .text.SEGGER_SYSVIEW_SendNumModules
                0x0800c26c       0x7c ./Middlewares/Third_Party/SEGGER/SEGGER/SEGGER_SYSVIEW.o
                0x0800c26c                SEGGER_SYSVIEW_SendNumModules
 .text._write_r
                0x0800c2e8       0x22 ./Middlewares/Third_Party/SEGGER/SEGGER/Syscalls/SEGGER_RTT_Syscalls_GCC.o
                0x0800c2e8                _write_r
 .text.__cvt    0x0800c30a       0xca D:/STM32CubeIDE_1.19.0/STM32CubeIDE/plugins/com.st.stm32cube.ide.mcu.externaltools.gnu-tools-for-stm32.13.3.rel1.win32_1.0.0.202411081344/tools/bin/../lib/gcc/arm-none-eabi/13.3.1/../../../../arm-none-eabi/lib/thumb/v7e-m+fp/hard\libc_nano.a(libc_a-nano-vfprintf_float.o)
                0x0800c30a                __cvt
 .text.__exponent
                0x0800c3d4       0x74 D:/STM32CubeIDE_1.19.0/STM32CubeIDE/plugins/com.st.stm32cube.ide.mcu.externaltools.gnu-tools-for-stm32.13.3.rel1.win32_1.0.0.202411081344/tools/bin/../lib/gcc/arm-none-eabi/13.3.1/../../../../arm-none-eabi/lib/thumb/v7e-m+fp/hard\libc_nano.a(libc_a-nano-vfprintf_float.o)
                0x0800c3d4                __exponent
 .text._printf_float
                0x0800c448      0x454 D:/STM32CubeIDE_1.19.0/STM32CubeIDE/plugins/com.st.stm32cube.ide.mcu.externaltools.gnu-tools-for-stm32.13.3.rel1.win32_1.0.0.202411081344/tools/bin/../lib/gcc/arm-none-eabi/13.3.1/../../../../arm-none-eabi/lib/thumb/v7e-m+fp/hard\libc_nano.a(libc_a-nano-vfprintf_float.o)
                0x0800c448                _printf_float
 .text._printf_common
                0x0800c89c       0xda D:/STM32CubeIDE_1.19.0/STM32CubeIDE/plugins/com.st.stm32cube.ide.mcu.externaltools.gnu-tools-for-stm32.13.3.rel1.win32_1.0.0.202411081344/tools/bin/../lib/gcc/arm-none-eabi/13.3.1/../../../../arm-none-eabi/lib/thumb/v7e-m+fp/hard\libc_nano.a(libc_a-nano-vfprintf_i.o)
                0x0800c89c                _printf_common
 *fill*         0x0800c976        0x2 
 .text._printf_i
                0x0800c978      0x23c D:/STM32CubeIDE_1.19.0/STM32CubeIDE/plugins/com.st.stm32cube.ide.mcu.externaltools.gnu-tools-for-stm32.13.3.rel1.win32_1.0.0.202411081344/tools/bin/../lib/gcc/arm-none-eabi/13.3.1/../../../../arm-none-eabi/lib/thumb/v7e-m+fp/hard\libc_nano.a(libc_a-nano-vfprintf_i.o)
                0x0800c978                _printf_i
 .text._scanf_float
                0x0800cbb4      0x41c D:/STM32CubeIDE_1.19.0/STM32CubeIDE/plugins/com.st.stm32cube.ide.mcu.externaltools.gnu-tools-for-stm32.13.3.rel1.win32_1.0.0.202411081344/tools/bin/../lib/gcc/arm-none-eabi/13.3.1/../../../../arm-none-eabi/lib/thumb/v7e-m+fp/hard\libc_nano.a(libc_a-nano-vfscanf_float.o)
                0x0800cbb4                _scanf_float
 .text.std      0x0800cfd0       0x6c D:/STM32CubeIDE_1.19.0/STM32CubeIDE/plugins/com.st.stm32cube.ide.mcu.externaltools.gnu-tools-for-stm32.13.3.rel1.win32_1.0.0.202411081344/tools/bin/../lib/gcc/arm-none-eabi/13.3.1/../../../../arm-none-eabi/lib/thumb/v7e-m+fp/hard\libc_nano.a(libc_a-findfp.o)
 .text.stdio_exit_handler
                0x0800d03c       0x18 D:/STM32CubeIDE_1.19.0/STM32CubeIDE/plugins/com.st.stm32cube.ide.mcu.externaltools.gnu-tools-for-stm32.13.3.rel1.win32_1.0.0.202411081344/tools/bin/../lib/gcc/arm-none-eabi/13.3.1/../../../../arm-none-eabi/lib/thumb/v7e-m+fp/hard\libc_nano.a(libc_a-findfp.o)
 .text.cleanup_stdio
                0x0800d054       0x40 D:/STM32CubeIDE_1.19.0/STM32CubeIDE/plugins/com.st.stm32cube.ide.mcu.externaltools.gnu-tools-for-stm32.13.3.rel1.win32_1.0.0.202411081344/tools/bin/../lib/gcc/arm-none-eabi/13.3.1/../../../../arm-none-eabi/lib/thumb/v7e-m+fp/hard\libc_nano.a(libc_a-findfp.o)
 .text.global_stdio_init.part.0
                0x0800d094       0x3c D:/STM32CubeIDE_1.19.0/STM32CubeIDE/plugins/com.st.stm32cube.ide.mcu.externaltools.gnu-tools-for-stm32.13.3.rel1.win32_1.0.0.202411081344/tools/bin/../lib/gcc/arm-none-eabi/13.3.1/../../../../arm-none-eabi/lib/thumb/v7e-m+fp/hard\libc_nano.a(libc_a-findfp.o)
 .text.__sfp_lock_acquire
                0x0800d0d0        0xc D:/STM32CubeIDE_1.19.0/STM32CubeIDE/plugins/com.st.stm32cube.ide.mcu.externaltools.gnu-tools-for-stm32.13.3.rel1.win32_1.0.0.202411081344/tools/bin/../lib/gcc/arm-none-eabi/13.3.1/../../../../arm-none-eabi/lib/thumb/v7e-m+fp/hard\libc_nano.a(libc_a-findfp.o)
                0x0800d0d0                __sfp_lock_acquire
 .text.__sfp_lock_release
                0x0800d0dc        0xc D:/STM32CubeIDE_1.19.0/STM32CubeIDE/plugins/com.st.stm32cube.ide.mcu.externaltools.gnu-tools-for-stm32.13.3.rel1.win32_1.0.0.202411081344/tools/bin/../lib/gcc/arm-none-eabi/13.3.1/../../../../arm-none-eabi/lib/thumb/v7e-m+fp/hard\libc_nano.a(libc_a-findfp.o)
                0x0800d0dc                __sfp_lock_release
 .text.__sinit  0x0800d0e8       0x30 D:/STM32CubeIDE_1.19.0/STM32CubeIDE/plugins/com.st.stm32cube.ide.mcu.externaltools.gnu-tools-for-stm32.13.3.rel1.win32_1.0.0.202411081344/tools/bin/../lib/gcc/arm-none-eabi/13.3.1/../../../../arm-none-eabi/lib/thumb/v7e-m+fp/hard\libc_nano.a(libc_a-findfp.o)
                0x0800d0e8                __sinit
 .text._fwalk_sglue
                0x0800d118       0x3c D:/STM32CubeIDE_1.19.0/STM32CubeIDE/plugins/com.st.stm32cube.ide.mcu.externaltools.gnu-tools-for-stm32.13.3.rel1.win32_1.0.0.202411081344/tools/bin/../lib/gcc/arm-none-eabi/13.3.1/../../../../arm-none-eabi/lib/thumb/v7e-m+fp/hard\libc_nano.a(libc_a-fwalk.o)
                0x0800d118                _fwalk_sglue
 .text.printf   0x0800d154       0x24 D:/STM32CubeIDE_1.19.0/STM32CubeIDE/plugins/com.st.stm32cube.ide.mcu.externaltools.gnu-tools-for-stm32.13.3.rel1.win32_1.0.0.202411081344/tools/bin/../lib/gcc/arm-none-eabi/13.3.1/../../../../arm-none-eabi/lib/thumb/v7e-m+fp/hard\libc_nano.a(libc_a-printf.o)
                0x0800d154                iprintf
                0x0800d154                printf
 .text._puts_r  0x0800d178       0xaa D:/STM32CubeIDE_1.19.0/STM32CubeIDE/plugins/com.st.stm32cube.ide.mcu.externaltools.gnu-tools-for-stm32.13.3.rel1.win32_1.0.0.202411081344/tools/bin/../lib/gcc/arm-none-eabi/13.3.1/../../../../arm-none-eabi/lib/thumb/v7e-m+fp/hard\libc_nano.a(libc_a-puts.o)
                0x0800d178                _puts_r
 *fill*         0x0800d222        0x2 
 .text.puts     0x0800d224       0x10 D:/STM32CubeIDE_1.19.0/STM32CubeIDE/plugins/com.st.stm32cube.ide.mcu.externaltools.gnu-tools-for-stm32.13.3.rel1.win32_1.0.0.202411081344/tools/bin/../lib/gcc/arm-none-eabi/13.3.1/../../../../arm-none-eabi/lib/thumb/v7e-m+fp/hard\libc_nano.a(libc_a-puts.o)
                0x0800d224                puts
 .text.snprintf
                0x0800d234       0x6c D:/STM32CubeIDE_1.19.0/STM32CubeIDE/plugins/com.st.stm32cube.ide.mcu.externaltools.gnu-tools-for-stm32.13.3.rel1.win32_1.0.0.202411081344/tools/bin/../lib/gcc/arm-none-eabi/13.3.1/../../../../arm-none-eabi/lib/thumb/v7e-m+fp/hard\libc_nano.a(libc_a-snprintf.o)
                0x0800d234                sniprintf
                0x0800d234                snprintf
 .text.sprintf  0x0800d2a0       0x44 D:/STM32CubeIDE_1.19.0/STM32CubeIDE/plugins/com.st.stm32cube.ide.mcu.externaltools.gnu-tools-for-stm32.13.3.rel1.win32_1.0.0.202411081344/tools/bin/../lib/gcc/arm-none-eabi/13.3.1/../../../../arm-none-eabi/lib/thumb/v7e-m+fp/hard\libc_nano.a(libc_a-sprintf.o)
                0x0800d2a0                siprintf
                0x0800d2a0                sprintf
 .text.__sread  0x0800d2e4       0x22 D:/STM32CubeIDE_1.19.0/STM32CubeIDE/plugins/com.st.stm32cube.ide.mcu.externaltools.gnu-tools-for-stm32.13.3.rel1.win32_1.0.0.202411081344/tools/bin/../lib/gcc/arm-none-eabi/13.3.1/../../../../arm-none-eabi/lib/thumb/v7e-m+fp/hard\libc_nano.a(libc_a-stdio.o)
                0x0800d2e4                __sread
 .text.__swrite
                0x0800d306       0x38 D:/STM32CubeIDE_1.19.0/STM32CubeIDE/plugins/com.st.stm32cube.ide.mcu.externaltools.gnu-tools-for-stm32.13.3.rel1.win32_1.0.0.202411081344/tools/bin/../lib/gcc/arm-none-eabi/13.3.1/../../../../arm-none-eabi/lib/thumb/v7e-m+fp/hard\libc_nano.a(libc_a-stdio.o)
                0x0800d306                __swrite
 .text.__sseek  0x0800d33e       0x24 D:/STM32CubeIDE_1.19.0/STM32CubeIDE/plugins/com.st.stm32cube.ide.mcu.externaltools.gnu-tools-for-stm32.13.3.rel1.win32_1.0.0.202411081344/tools/bin/../lib/gcc/arm-none-eabi/13.3.1/../../../../arm-none-eabi/lib/thumb/v7e-m+fp/hard\libc_nano.a(libc_a-stdio.o)
                0x0800d33e                __sseek
 .text.__sclose
                0x0800d362        0x8 D:/STM32CubeIDE_1.19.0/STM32CubeIDE/plugins/com.st.stm32cube.ide.mcu.externaltools.gnu-tools-for-stm32.13.3.rel1.win32_1.0.0.202411081344/tools/bin/../lib/gcc/arm-none-eabi/13.3.1/../../../../arm-none-eabi/lib/thumb/v7e-m+fp/hard\libc_nano.a(libc_a-stdio.o)
                0x0800d362                __sclose
 .text.__swbuf_r
                0x0800d36a       0x7c D:/STM32CubeIDE_1.19.0/STM32CubeIDE/plugins/com.st.stm32cube.ide.mcu.externaltools.gnu-tools-for-stm32.13.3.rel1.win32_1.0.0.202411081344/tools/bin/../lib/gcc/arm-none-eabi/13.3.1/../../../../arm-none-eabi/lib/thumb/v7e-m+fp/hard\libc_nano.a(libc_a-wbuf.o)
                0x0800d36a                __swbuf_r
 *fill*         0x0800d3e6        0x2 
 .text.__swsetup_r
                0x0800d3e8       0xac D:/STM32CubeIDE_1.19.0/STM32CubeIDE/plugins/com.st.stm32cube.ide.mcu.externaltools.gnu-tools-for-stm32.13.3.rel1.win32_1.0.0.202411081344/tools/bin/../lib/gcc/arm-none-eabi/13.3.1/../../../../arm-none-eabi/lib/thumb/v7e-m+fp/hard\libc_nano.a(libc_a-wsetup.o)
                0x0800d3e8                __swsetup_r
 .text.memset   0x0800d494       0x10 D:/STM32CubeIDE_1.19.0/STM32CubeIDE/plugins/com.st.stm32cube.ide.mcu.externaltools.gnu-tools-for-stm32.13.3.rel1.win32_1.0.0.202411081344/tools/bin/../lib/gcc/arm-none-eabi/13.3.1/../../../../arm-none-eabi/lib/thumb/v7e-m+fp/hard\libc_nano.a(libc_a-memset.o)
                0x0800d494                memset
 .text._localeconv_r
                0x0800d4a4        0x8 D:/STM32CubeIDE_1.19.0/STM32CubeIDE/plugins/com.st.stm32cube.ide.mcu.externaltools.gnu-tools-for-stm32.13.3.rel1.win32_1.0.0.202411081344/tools/bin/../lib/gcc/arm-none-eabi/13.3.1/../../../../arm-none-eabi/lib/thumb/v7e-m+fp/hard\libc_nano.a(libc_a-localeconv.o)
                0x0800d4a4                _localeconv_r
 .text._close_r
                0x0800d4ac       0x20 D:/STM32CubeIDE_1.19.0/STM32CubeIDE/plugins/com.st.stm32cube.ide.mcu.externaltools.gnu-tools-for-stm32.13.3.rel1.win32_1.0.0.202411081344/tools/bin/../lib/gcc/arm-none-eabi/13.3.1/../../../../arm-none-eabi/lib/thumb/v7e-m+fp/hard\libc_nano.a(libc_a-closer.o)
                0x0800d4ac                _close_r
 .text._lseek_r
                0x0800d4cc       0x24 D:/STM32CubeIDE_1.19.0/STM32CubeIDE/plugins/com.st.stm32cube.ide.mcu.externaltools.gnu-tools-for-stm32.13.3.rel1.win32_1.0.0.202411081344/tools/bin/../lib/gcc/arm-none-eabi/13.3.1/../../../../arm-none-eabi/lib/thumb/v7e-m+fp/hard\libc_nano.a(libc_a-lseekr.o)
                0x0800d4cc                _lseek_r
 .text._read_r  0x0800d4f0       0x24 D:/STM32CubeIDE_1.19.0/STM32CubeIDE/plugins/com.st.stm32cube.ide.mcu.externaltools.gnu-tools-for-stm32.13.3.rel1.win32_1.0.0.202411081344/tools/bin/../lib/gcc/arm-none-eabi/13.3.1/../../../../arm-none-eabi/lib/thumb/v7e-m+fp/hard\libc_nano.a(libc_a-readr.o)
                0x0800d4f0                _read_r
 .text.__errno  0x0800d514        0xc D:/STM32CubeIDE_1.19.0/STM32CubeIDE/plugins/com.st.stm32cube.ide.mcu.externaltools.gnu-tools-for-stm32.13.3.rel1.win32_1.0.0.202411081344/tools/bin/../lib/gcc/arm-none-eabi/13.3.1/../../../../arm-none-eabi/lib/thumb/v7e-m+fp/hard\libc_nano.a(libc_a-errno.o)
                0x0800d514                __errno
 .text.__libc_init_array
                0x0800d520       0x48 D:/STM32CubeIDE_1.19.0/STM32CubeIDE/plugins/com.st.stm32cube.ide.mcu.externaltools.gnu-tools-for-stm32.13.3.rel1.win32_1.0.0.202411081344/tools/bin/../lib/gcc/arm-none-eabi/13.3.1/../../../../arm-none-eabi/lib/thumb/v7e-m+fp/hard\libc_nano.a(libc_a-init.o)
                0x0800d520                __libc_init_array
 .text.__retarget_lock_init_recursive
                0x0800d568        0x2 D:/STM32CubeIDE_1.19.0/STM32CubeIDE/plugins/com.st.stm32cube.ide.mcu.externaltools.gnu-tools-for-stm32.13.3.rel1.win32_1.0.0.202411081344/tools/bin/../lib/gcc/arm-none-eabi/13.3.1/../../../../arm-none-eabi/lib/thumb/v7e-m+fp/hard\libc_nano.a(libc_a-lock.o)
                0x0800d568                __retarget_lock_init_recursive
 .text.__retarget_lock_acquire_recursive
                0x0800d56a        0x2 D:/STM32CubeIDE_1.19.0/STM32CubeIDE/plugins/com.st.stm32cube.ide.mcu.externaltools.gnu-tools-for-stm32.13.3.rel1.win32_1.0.0.202411081344/tools/bin/../lib/gcc/arm-none-eabi/13.3.1/../../../../arm-none-eabi/lib/thumb/v7e-m+fp/hard\libc_nano.a(libc_a-lock.o)
                0x0800d56a                __retarget_lock_acquire_recursive
 .text.__retarget_lock_release_recursive
                0x0800d56c        0x2 D:/STM32CubeIDE_1.19.0/STM32CubeIDE/plugins/com.st.stm32cube.ide.mcu.externaltools.gnu-tools-for-stm32.13.3.rel1.win32_1.0.0.202411081344/tools/bin/../lib/gcc/arm-none-eabi/13.3.1/../../../../arm-none-eabi/lib/thumb/v7e-m+fp/hard\libc_nano.a(libc_a-lock.o)
                0x0800d56c                __retarget_lock_release_recursive
 .text.memcpy   0x0800d56e       0x1c D:/STM32CubeIDE_1.19.0/STM32CubeIDE/plugins/com.st.stm32cube.ide.mcu.externaltools.gnu-tools-for-stm32.13.3.rel1.win32_1.0.0.202411081344/tools/bin/../lib/gcc/arm-none-eabi/13.3.1/../../../../arm-none-eabi/lib/thumb/v7e-m+fp/hard\libc_nano.a(libc_a-memcpy-stub.o)
                0x0800d56e                memcpy
 *fill*         0x0800d58a        0x2 
 .text.nanf     0x0800d58c        0xc D:/STM32CubeIDE_1.19.0/STM32CubeIDE/plugins/com.st.stm32cube.ide.mcu.externaltools.gnu-tools-for-stm32.13.3.rel1.win32_1.0.0.202411081344/tools/bin/../lib/gcc/arm-none-eabi/13.3.1/../../../../arm-none-eabi/lib/thumb/v7e-m+fp/hard\libc_nano.a(libm_a-sf_nan.o)
                0x0800d58c                nanf
 .text.quorem   0x0800d598      0x110 D:/STM32CubeIDE_1.19.0/STM32CubeIDE/plugins/com.st.stm32cube.ide.mcu.externaltools.gnu-tools-for-stm32.13.3.rel1.win32_1.0.0.202411081344/tools/bin/../lib/gcc/arm-none-eabi/13.3.1/../../../../arm-none-eabi/lib/thumb/v7e-m+fp/hard\libc_nano.a(libc_a-dtoa.o)
 .text._dtoa_r  0x0800d6a8      0xba0 D:/STM32CubeIDE_1.19.0/STM32CubeIDE/plugins/com.st.stm32cube.ide.mcu.externaltools.gnu-tools-for-stm32.13.3.rel1.win32_1.0.0.202411081344/tools/bin/../lib/gcc/arm-none-eabi/13.3.1/../../../../arm-none-eabi/lib/thumb/v7e-m+fp/hard\libc_nano.a(libc_a-dtoa.o)
                0x0800d6a8                _dtoa_r
 .text._free_r  0x0800e248       0x94 D:/STM32CubeIDE_1.19.0/STM32CubeIDE/plugins/com.st.stm32cube.ide.mcu.externaltools.gnu-tools-for-stm32.13.3.rel1.win32_1.0.0.202411081344/tools/bin/../lib/gcc/arm-none-eabi/13.3.1/../../../../arm-none-eabi/lib/thumb/v7e-m+fp/hard\libc_nano.a(libc_a-freer.o)
                0x0800e248                _free_r
 .text.malloc   0x0800e2dc       0x10 D:/STM32CubeIDE_1.19.0/STM32CubeIDE/plugins/com.st.stm32cube.ide.mcu.externaltools.gnu-tools-for-stm32.13.3.rel1.win32_1.0.0.202411081344/tools/bin/../lib/gcc/arm-none-eabi/13.3.1/../../../../arm-none-eabi/lib/thumb/v7e-m+fp/hard\libc_nano.a(libc_a-malloc.o)
                0x0800e2dc                malloc
 .text.sbrk_aligned
                0x0800e2ec       0x44 D:/STM32CubeIDE_1.19.0/STM32CubeIDE/plugins/com.st.stm32cube.ide.mcu.externaltools.gnu-tools-for-stm32.13.3.rel1.win32_1.0.0.202411081344/tools/bin/../lib/gcc/arm-none-eabi/13.3.1/../../../../arm-none-eabi/lib/thumb/v7e-m+fp/hard\libc_nano.a(libc_a-mallocr.o)
 .text._malloc_r
                0x0800e330      0x100 D:/STM32CubeIDE_1.19.0/STM32CubeIDE/plugins/com.st.stm32cube.ide.mcu.externaltools.gnu-tools-for-stm32.13.3.rel1.win32_1.0.0.202411081344/tools/bin/../lib/gcc/arm-none-eabi/13.3.1/../../../../arm-none-eabi/lib/thumb/v7e-m+fp/hard\libc_nano.a(libc_a-mallocr.o)
                0x0800e330                _malloc_r
 .text.__malloc_lock
                0x0800e430        0xc D:/STM32CubeIDE_1.19.0/STM32CubeIDE/plugins/com.st.stm32cube.ide.mcu.externaltools.gnu-tools-for-stm32.13.3.rel1.win32_1.0.0.202411081344/tools/bin/../lib/gcc/arm-none-eabi/13.3.1/../../../../arm-none-eabi/lib/thumb/v7e-m+fp/hard\libc_nano.a(libc_a-mlock.o)
                0x0800e430                __malloc_lock
 .text.__malloc_unlock
                0x0800e43c        0xc D:/STM32CubeIDE_1.19.0/STM32CubeIDE/plugins/com.st.stm32cube.ide.mcu.externaltools.gnu-tools-for-stm32.13.3.rel1.win32_1.0.0.202411081344/tools/bin/../lib/gcc/arm-none-eabi/13.3.1/../../../../arm-none-eabi/lib/thumb/v7e-m+fp/hard\libc_nano.a(libc_a-mlock.o)
                0x0800e43c                __malloc_unlock
 .text._Balloc  0x0800e448       0x80 D:/STM32CubeIDE_1.19.0/STM32CubeIDE/plugins/com.st.stm32cube.ide.mcu.externaltools.gnu-tools-for-stm32.13.3.rel1.win32_1.0.0.202411081344/tools/bin/../lib/gcc/arm-none-eabi/13.3.1/../../../../arm-none-eabi/lib/thumb/v7e-m+fp/hard\libc_nano.a(libc_a-mprec.o)
                0x0800e448                _Balloc
 .text._Bfree   0x0800e4c8       0x44 D:/STM32CubeIDE_1.19.0/STM32CubeIDE/plugins/com.st.stm32cube.ide.mcu.externaltools.gnu-tools-for-stm32.13.3.rel1.win32_1.0.0.202411081344/tools/bin/../lib/gcc/arm-none-eabi/13.3.1/../../../../arm-none-eabi/lib/thumb/v7e-m+fp/hard\libc_nano.a(libc_a-mprec.o)
                0x0800e4c8                _Bfree
 .text.__multadd
                0x0800e50c       0x8c D:/STM32CubeIDE_1.19.0/STM32CubeIDE/plugins/com.st.stm32cube.ide.mcu.externaltools.gnu-tools-for-stm32.13.3.rel1.win32_1.0.0.202411081344/tools/bin/../lib/gcc/arm-none-eabi/13.3.1/../../../../arm-none-eabi/lib/thumb/v7e-m+fp/hard\libc_nano.a(libc_a-mprec.o)
                0x0800e50c                __multadd
 .text.__s2b    0x0800e598       0x94 D:/STM32CubeIDE_1.19.0/STM32CubeIDE/plugins/com.st.stm32cube.ide.mcu.externaltools.gnu-tools-for-stm32.13.3.rel1.win32_1.0.0.202411081344/tools/bin/../lib/gcc/arm-none-eabi/13.3.1/../../../../arm-none-eabi/lib/thumb/v7e-m+fp/hard\libc_nano.a(libc_a-mprec.o)
                0x0800e598                __s2b
 .text.__hi0bits
                0x0800e62c       0x3e D:/STM32CubeIDE_1.19.0/STM32CubeIDE/plugins/com.st.stm32cube.ide.mcu.externaltools.gnu-tools-for-stm32.13.3.rel1.win32_1.0.0.202411081344/tools/bin/../lib/gcc/arm-none-eabi/13.3.1/../../../../arm-none-eabi/lib/thumb/v7e-m+fp/hard\libc_nano.a(libc_a-mprec.o)
                0x0800e62c                __hi0bits
 .text.__lo0bits
                0x0800e66a       0x5a D:/STM32CubeIDE_1.19.0/STM32CubeIDE/plugins/com.st.stm32cube.ide.mcu.externaltools.gnu-tools-for-stm32.13.3.rel1.win32_1.0.0.202411081344/tools/bin/../lib/gcc/arm-none-eabi/13.3.1/../../../../arm-none-eabi/lib/thumb/v7e-m+fp/hard\libc_nano.a(libc_a-mprec.o)
                0x0800e66a                __lo0bits
 .text.__i2b    0x0800e6c4       0x2c D:/STM32CubeIDE_1.19.0/STM32CubeIDE/plugins/com.st.stm32cube.ide.mcu.externaltools.gnu-tools-for-stm32.13.3.rel1.win32_1.0.0.202411081344/tools/bin/../lib/gcc/arm-none-eabi/13.3.1/../../../../arm-none-eabi/lib/thumb/v7e-m+fp/hard\libc_nano.a(libc_a-mprec.o)
                0x0800e6c4                __i2b
 .text.__multiply
                0x0800e6f0      0x144 D:/STM32CubeIDE_1.19.0/STM32CubeIDE/plugins/com.st.stm32cube.ide.mcu.externaltools.gnu-tools-for-stm32.13.3.rel1.win32_1.0.0.202411081344/tools/bin/../lib/gcc/arm-none-eabi/13.3.1/../../../../arm-none-eabi/lib/thumb/v7e-m+fp/hard\libc_nano.a(libc_a-mprec.o)
                0x0800e6f0                __multiply
 .text.__pow5mult
                0x0800e834       0xb4 D:/STM32CubeIDE_1.19.0/STM32CubeIDE/plugins/com.st.stm32cube.ide.mcu.externaltools.gnu-tools-for-stm32.13.3.rel1.win32_1.0.0.202411081344/tools/bin/../lib/gcc/arm-none-eabi/13.3.1/../../../../arm-none-eabi/lib/thumb/v7e-m+fp/hard\libc_nano.a(libc_a-mprec.o)
                0x0800e834                __pow5mult
 .text.__lshift
                0x0800e8e8       0xd8 D:/STM32CubeIDE_1.19.0/STM32CubeIDE/plugins/com.st.stm32cube.ide.mcu.externaltools.gnu-tools-for-stm32.13.3.rel1.win32_1.0.0.202411081344/tools/bin/../lib/gcc/arm-none-eabi/13.3.1/../../../../arm-none-eabi/lib/thumb/v7e-m+fp/hard\libc_nano.a(libc_a-mprec.o)
                0x0800e8e8                __lshift
 .text.__mcmp   0x0800e9c0       0x36 D:/STM32CubeIDE_1.19.0/STM32CubeIDE/plugins/com.st.stm32cube.ide.mcu.externaltools.gnu-tools-for-stm32.13.3.rel1.win32_1.0.0.202411081344/tools/bin/../lib/gcc/arm-none-eabi/13.3.1/../../../../arm-none-eabi/lib/thumb/v7e-m+fp/hard\libc_nano.a(libc_a-mprec.o)
                0x0800e9c0                __mcmp
 *fill*         0x0800e9f6        0x2 
 .text.__mdiff  0x0800e9f8      0x128 D:/STM32CubeIDE_1.19.0/STM32CubeIDE/plugins/com.st.stm32cube.ide.mcu.externaltools.gnu-tools-for-stm32.13.3.rel1.win32_1.0.0.202411081344/tools/bin/../lib/gcc/arm-none-eabi/13.3.1/../../../../arm-none-eabi/lib/thumb/v7e-m+fp/hard\libc_nano.a(libc_a-mprec.o)
                0x0800e9f8                __mdiff
 .text.__ulp    0x0800eb20       0x4c D:/STM32CubeIDE_1.19.0/STM32CubeIDE/plugins/com.st.stm32cube.ide.mcu.externaltools.gnu-tools-for-stm32.13.3.rel1.win32_1.0.0.202411081344/tools/bin/../lib/gcc/arm-none-eabi/13.3.1/../../../../arm-none-eabi/lib/thumb/v7e-m+fp/hard\libc_nano.a(libc_a-mprec.o)
                0x0800eb20                __ulp
 .text.__b2d    0x0800eb6c       0x94 D:/STM32CubeIDE_1.19.0/STM32CubeIDE/plugins/com.st.stm32cube.ide.mcu.externaltools.gnu-tools-for-stm32.13.3.rel1.win32_1.0.0.202411081344/tools/bin/../lib/gcc/arm-none-eabi/13.3.1/../../../../arm-none-eabi/lib/thumb/v7e-m+fp/hard\libc_nano.a(libc_a-mprec.o)
                0x0800eb6c                __b2d
 .text.__d2b    0x0800ec00       0xb0 D:/STM32CubeIDE_1.19.0/STM32CubeIDE/plugins/com.st.stm32cube.ide.mcu.externaltools.gnu-tools-for-stm32.13.3.rel1.win32_1.0.0.202411081344/tools/bin/../lib/gcc/arm-none-eabi/13.3.1/../../../../arm-none-eabi/lib/thumb/v7e-m+fp/hard\libc_nano.a(libc_a-mprec.o)
                0x0800ec00                __d2b
 .text.__ratio  0x0800ecb0       0x64 D:/STM32CubeIDE_1.19.0/STM32CubeIDE/plugins/com.st.stm32cube.ide.mcu.externaltools.gnu-tools-for-stm32.13.3.rel1.win32_1.0.0.202411081344/tools/bin/../lib/gcc/arm-none-eabi/13.3.1/../../../../arm-none-eabi/lib/thumb/v7e-m+fp/hard\libc_nano.a(libc_a-mprec.o)
                0x0800ecb0                __ratio
 .text.__copybits
                0x0800ed14       0x46 D:/STM32CubeIDE_1.19.0/STM32CubeIDE/plugins/com.st.stm32cube.ide.mcu.externaltools.gnu-tools-for-stm32.13.3.rel1.win32_1.0.0.202411081344/tools/bin/../lib/gcc/arm-none-eabi/13.3.1/../../../../arm-none-eabi/lib/thumb/v7e-m+fp/hard\libc_nano.a(libc_a-mprec.o)
                0x0800ed14                __copybits
 .text.__any_on
                0x0800ed5a       0x42 D:/STM32CubeIDE_1.19.0/STM32CubeIDE/plugins/com.st.stm32cube.ide.mcu.externaltools.gnu-tools-for-stm32.13.3.rel1.win32_1.0.0.202411081344/tools/bin/../lib/gcc/arm-none-eabi/13.3.1/../../../../arm-none-eabi/lib/thumb/v7e-m+fp/hard\libc_nano.a(libc_a-mprec.o)
                0x0800ed5a                __any_on
 .text.sulp     0x0800ed9c       0x3c D:/STM32CubeIDE_1.19.0/STM32CubeIDE/plugins/com.st.stm32cube.ide.mcu.externaltools.gnu-tools-for-stm32.13.3.rel1.win32_1.0.0.202411081344/tools/bin/../lib/gcc/arm-none-eabi/13.3.1/../../../../arm-none-eabi/lib/thumb/v7e-m+fp/hard\libc_nano.a(libc_a-strtod.o)
 .text._strtod_l
                0x0800edd8      0xbc8 D:/STM32CubeIDE_1.19.0/STM32CubeIDE/plugins/com.st.stm32cube.ide.mcu.externaltools.gnu-tools-for-stm32.13.3.rel1.win32_1.0.0.202411081344/tools/bin/../lib/gcc/arm-none-eabi/13.3.1/../../../../arm-none-eabi/lib/thumb/v7e-m+fp/hard\libc_nano.a(libc_a-strtod.o)
                0x0800edd8                _strtod_l
 .text._strtod_r
                0x0800f9a0        0xc D:/STM32CubeIDE_1.19.0/STM32CubeIDE/plugins/com.st.stm32cube.ide.mcu.externaltools.gnu-tools-for-stm32.13.3.rel1.win32_1.0.0.202411081344/tools/bin/../lib/gcc/arm-none-eabi/13.3.1/../../../../arm-none-eabi/lib/thumb/v7e-m+fp/hard\libc_nano.a(libc_a-strtod.o)
                0x0800f9a0                _strtod_r
 .text._strtol_l.isra.0
                0x0800f9ac       0xf4 D:/STM32CubeIDE_1.19.0/STM32CubeIDE/plugins/com.st.stm32cube.ide.mcu.externaltools.gnu-tools-for-stm32.13.3.rel1.win32_1.0.0.202411081344/tools/bin/../lib/gcc/arm-none-eabi/13.3.1/../../../../arm-none-eabi/lib/thumb/v7e-m+fp/hard\libc_nano.a(libc_a-strtol.o)
 .text._strtol_r
                0x0800faa0        0x4 D:/STM32CubeIDE_1.19.0/STM32CubeIDE/plugins/com.st.stm32cube.ide.mcu.externaltools.gnu-tools-for-stm32.13.3.rel1.win32_1.0.0.202411081344/tools/bin/../lib/gcc/arm-none-eabi/13.3.1/../../../../arm-none-eabi/lib/thumb/v7e-m+fp/hard\libc_nano.a(libc_a-strtol.o)
                0x0800faa0                _strtol_r
 .text.__ssputs_r
                0x0800faa4       0xb6 D:/STM32CubeIDE_1.19.0/STM32CubeIDE/plugins/com.st.stm32cube.ide.mcu.externaltools.gnu-tools-for-stm32.13.3.rel1.win32_1.0.0.202411081344/tools/bin/../lib/gcc/arm-none-eabi/13.3.1/../../../../arm-none-eabi/lib/thumb/v7e-m+fp/hard\libc_nano.a(libc_a-nano-svfprintf.o)
                0x0800faa4                __ssputs_r
 *fill*         0x0800fb5a        0x2 
 .text._svfprintf_r
                0x0800fb5c      0x1f8 D:/STM32CubeIDE_1.19.0/STM32CubeIDE/plugins/com.st.stm32cube.ide.mcu.externaltools.gnu-tools-for-stm32.13.3.rel1.win32_1.0.0.202411081344/tools/bin/../lib/gcc/arm-none-eabi/13.3.1/../../../../arm-none-eabi/lib/thumb/v7e-m+fp/hard\libc_nano.a(libc_a-nano-svfprintf.o)
                0x0800fb5c                _svfiprintf_r
                0x0800fb5c                _svfprintf_r
 .text.__sfputc_r
                0x0800fd54       0x2e D:/STM32CubeIDE_1.19.0/STM32CubeIDE/plugins/com.st.stm32cube.ide.mcu.externaltools.gnu-tools-for-stm32.13.3.rel1.win32_1.0.0.202411081344/tools/bin/../lib/gcc/arm-none-eabi/13.3.1/../../../../arm-none-eabi/lib/thumb/v7e-m+fp/hard\libc_nano.a(libc_a-nano-vfprintf.o)
 .text.__sfputs_r
                0x0800fd82       0x24 D:/STM32CubeIDE_1.19.0/STM32CubeIDE/plugins/com.st.stm32cube.ide.mcu.externaltools.gnu-tools-for-stm32.13.3.rel1.win32_1.0.0.202411081344/tools/bin/../lib/gcc/arm-none-eabi/13.3.1/../../../../arm-none-eabi/lib/thumb/v7e-m+fp/hard\libc_nano.a(libc_a-nano-vfprintf.o)
                0x0800fd82                __sfputs_r
 *fill*         0x0800fda6        0x2 
 .text._vfprintf_r
                0x0800fda8      0x230 D:/STM32CubeIDE_1.19.0/STM32CubeIDE/plugins/com.st.stm32cube.ide.mcu.externaltools.gnu-tools-for-stm32.13.3.rel1.win32_1.0.0.202411081344/tools/bin/../lib/gcc/arm-none-eabi/13.3.1/../../../../arm-none-eabi/lib/thumb/v7e-m+fp/hard\libc_nano.a(libc_a-nano-vfprintf.o)
                0x0800fda8                _vfprintf_r
                0x0800fda8                _vfiprintf_r
 .text.__sflush_r
                0x0800ffd8      0x108 D:/STM32CubeIDE_1.19.0/STM32CubeIDE/plugins/com.st.stm32cube.ide.mcu.externaltools.gnu-tools-for-stm32.13.3.rel1.win32_1.0.0.202411081344/tools/bin/../lib/gcc/arm-none-eabi/13.3.1/../../../../arm-none-eabi/lib/thumb/v7e-m+fp/hard\libc_nano.a(libc_a-fflush.o)
                0x0800ffd8                __sflush_r
 .text._fflush_r
                0x080100e0       0x50 D:/STM32CubeIDE_1.19.0/STM32CubeIDE/plugins/com.st.stm32cube.ide.mcu.externaltools.gnu-tools-for-stm32.13.3.rel1.win32_1.0.0.202411081344/tools/bin/../lib/gcc/arm-none-eabi/13.3.1/../../../../arm-none-eabi/lib/thumb/v7e-m+fp/hard\libc_nano.a(libc_a-fflush.o)
                0x080100e0                _fflush_r
 .text.__swhatbuf_r
                0x08010130       0x4c D:/STM32CubeIDE_1.19.0/STM32CubeIDE/plugins/com.st.stm32cube.ide.mcu.externaltools.gnu-tools-for-stm32.13.3.rel1.win32_1.0.0.202411081344/tools/bin/../lib/gcc/arm-none-eabi/13.3.1/../../../../arm-none-eabi/lib/thumb/v7e-m+fp/hard\libc_nano.a(libc_a-makebuf.o)
                0x08010130                __swhatbuf_r
 .text.__smakebuf_r
                0x0801017c       0x78 D:/STM32CubeIDE_1.19.0/STM32CubeIDE/plugins/com.st.stm32cube.ide.mcu.externaltools.gnu-tools-for-stm32.13.3.rel1.win32_1.0.0.202411081344/tools/bin/../lib/gcc/arm-none-eabi/13.3.1/../../../../arm-none-eabi/lib/thumb/v7e-m+fp/hard\libc_nano.a(libc_a-makebuf.o)
                0x0801017c                __smakebuf_r
 .text.memmove  0x080101f4       0x34 D:/STM32CubeIDE_1.19.0/STM32CubeIDE/plugins/com.st.stm32cube.ide.mcu.externaltools.gnu-tools-for-stm32.13.3.rel1.win32_1.0.0.202411081344/tools/bin/../lib/gcc/arm-none-eabi/13.3.1/../../../../arm-none-eabi/lib/thumb/v7e-m+fp/hard\libc_nano.a(libc_a-memmove.o)
                0x080101f4                memmove
 .text.strncmp  0x08010228       0x24 D:/STM32CubeIDE_1.19.0/STM32CubeIDE/plugins/com.st.stm32cube.ide.mcu.externaltools.gnu-tools-for-stm32.13.3.rel1.win32_1.0.0.202411081344/tools/bin/../lib/gcc/arm-none-eabi/13.3.1/../../../../arm-none-eabi/lib/thumb/v7e-m+fp/hard\libc_nano.a(libc_a-strncmp.o)
                0x08010228                strncmp
 .text._fstat_r
                0x0801024c       0x24 D:/STM32CubeIDE_1.19.0/STM32CubeIDE/plugins/com.st.stm32cube.ide.mcu.externaltools.gnu-tools-for-stm32.13.3.rel1.win32_1.0.0.202411081344/tools/bin/../lib/gcc/arm-none-eabi/13.3.1/../../../../arm-none-eabi/lib/thumb/v7e-m+fp/hard\libc_nano.a(libc_a-fstatr.o)
                0x0801024c                _fstat_r
 .text._isatty_r
                0x08010270       0x20 D:/STM32CubeIDE_1.19.0/STM32CubeIDE/plugins/com.st.stm32cube.ide.mcu.externaltools.gnu-tools-for-stm32.13.3.rel1.win32_1.0.0.202411081344/tools/bin/../lib/gcc/arm-none-eabi/13.3.1/../../../../arm-none-eabi/lib/thumb/v7e-m+fp/hard\libc_nano.a(libc_a-isattyr.o)
                0x08010270                _isatty_r
 .text._sbrk_r  0x08010290       0x20 D:/STM32CubeIDE_1.19.0/STM32CubeIDE/plugins/com.st.stm32cube.ide.mcu.externaltools.gnu-tools-for-stm32.13.3.rel1.win32_1.0.0.202411081344/tools/bin/../lib/gcc/arm-none-eabi/13.3.1/../../../../arm-none-eabi/lib/thumb/v7e-m+fp/hard\libc_nano.a(libc_a-sbrkr.o)
                0x08010290                _sbrk_r
 .text.nan      0x080102b0       0x10 D:/STM32CubeIDE_1.19.0/STM32CubeIDE/plugins/com.st.stm32cube.ide.mcu.externaltools.gnu-tools-for-stm32.13.3.rel1.win32_1.0.0.202411081344/tools/bin/../lib/gcc/arm-none-eabi/13.3.1/../../../../arm-none-eabi/lib/thumb/v7e-m+fp/hard\libc_nano.a(libm_a-s_nan.o)
                0x080102b0                nan
 .text.__assert_func
                0x080102c0       0x3c D:/STM32CubeIDE_1.19.0/STM32CubeIDE/plugins/com.st.stm32cube.ide.mcu.externaltools.gnu-tools-for-stm32.13.3.rel1.win32_1.0.0.202411081344/tools/bin/../lib/gcc/arm-none-eabi/13.3.1/../../../../arm-none-eabi/lib/thumb/v7e-m+fp/hard\libc_nano.a(libc_a-assert.o)
                0x080102c0                __assert_func
 .text._calloc_r
                0x080102fc       0x28 D:/STM32CubeIDE_1.19.0/STM32CubeIDE/plugins/com.st.stm32cube.ide.mcu.externaltools.gnu-tools-for-stm32.13.3.rel1.win32_1.0.0.202411081344/tools/bin/../lib/gcc/arm-none-eabi/13.3.1/../../../../arm-none-eabi/lib/thumb/v7e-m+fp/hard\libc_nano.a(libc_a-callocr.o)
                0x080102fc                _calloc_r
 .text.rshift   0x08010324       0xa4 D:/STM32CubeIDE_1.19.0/STM32CubeIDE/plugins/com.st.stm32cube.ide.mcu.externaltools.gnu-tools-for-stm32.13.3.rel1.win32_1.0.0.202411081344/tools/bin/../lib/gcc/arm-none-eabi/13.3.1/../../../../arm-none-eabi/lib/thumb/v7e-m+fp/hard\libc_nano.a(libc_a-gdtoa-gethex.o)
 .text.__hexdig_fun
                0x080103c8       0x2a D:/STM32CubeIDE_1.19.0/STM32CubeIDE/plugins/com.st.stm32cube.ide.mcu.externaltools.gnu-tools-for-stm32.13.3.rel1.win32_1.0.0.202411081344/tools/bin/../lib/gcc/arm-none-eabi/13.3.1/../../../../arm-none-eabi/lib/thumb/v7e-m+fp/hard\libc_nano.a(libc_a-gdtoa-gethex.o)
                0x080103c8                __hexdig_fun
 *fill*         0x080103f2        0x2 
 .text.__gethex
                0x080103f4      0x420 D:/STM32CubeIDE_1.19.0/STM32CubeIDE/plugins/com.st.stm32cube.ide.mcu.externaltools.gnu-tools-for-stm32.13.3.rel1.win32_1.0.0.202411081344/tools/bin/../lib/gcc/arm-none-eabi/13.3.1/../../../../arm-none-eabi/lib/thumb/v7e-m+fp/hard\libc_nano.a(libc_a-gdtoa-gethex.o)
                0x080103f4                __gethex
 .text.L_shift  0x08010814       0x24 D:/STM32CubeIDE_1.19.0/STM32CubeIDE/plugins/com.st.stm32cube.ide.mcu.externaltools.gnu-tools-for-stm32.13.3.rel1.win32_1.0.0.202411081344/tools/bin/../lib/gcc/arm-none-eabi/13.3.1/../../../../arm-none-eabi/lib/thumb/v7e-m+fp/hard\libc_nano.a(libc_a-gdtoa-hexnan.o)
 .text.__match  0x08010838       0x28 D:/STM32CubeIDE_1.19.0/STM32CubeIDE/plugins/com.st.stm32cube.ide.mcu.externaltools.gnu-tools-for-stm32.13.3.rel1.win32_1.0.0.202411081344/tools/bin/../lib/gcc/arm-none-eabi/13.3.1/../../../../arm-none-eabi/lib/thumb/v7e-m+fp/hard\libc_nano.a(libc_a-gdtoa-hexnan.o)
                0x08010838                __match
 .text.__hexnan
                0x08010860      0x136 D:/STM32CubeIDE_1.19.0/STM32CubeIDE/plugins/com.st.stm32cube.ide.mcu.externaltools.gnu-tools-for-stm32.13.3.rel1.win32_1.0.0.202411081344/tools/bin/../lib/gcc/arm-none-eabi/13.3.1/../../../../arm-none-eabi/lib/thumb/v7e-m+fp/hard\libc_nano.a(libc_a-gdtoa-hexnan.o)
                0x08010860                __hexnan
 .text.__ascii_mbtowc
                0x08010996       0x24 D:/STM32CubeIDE_1.19.0/STM32CubeIDE/plugins/com.st.stm32cube.ide.mcu.externaltools.gnu-tools-for-stm32.13.3.rel1.win32_1.0.0.202411081344/tools/bin/../lib/gcc/arm-none-eabi/13.3.1/../../../../arm-none-eabi/lib/thumb/v7e-m+fp/hard\libc_nano.a(libc_a-mbtowc_r.o)
                0x08010996                __ascii_mbtowc
 .text._realloc_r
                0x080109ba       0x5c D:/STM32CubeIDE_1.19.0/STM32CubeIDE/plugins/com.st.stm32cube.ide.mcu.externaltools.gnu-tools-for-stm32.13.3.rel1.win32_1.0.0.202411081344/tools/bin/../lib/gcc/arm-none-eabi/13.3.1/../../../../arm-none-eabi/lib/thumb/v7e-m+fp/hard\libc_nano.a(libc_a-reallocr.o)
                0x080109ba                _realloc_r
 .text.__ascii_wctomb
                0x08010a16       0x1a D:/STM32CubeIDE_1.19.0/STM32CubeIDE/plugins/com.st.stm32cube.ide.mcu.externaltools.gnu-tools-for-stm32.13.3.rel1.win32_1.0.0.202411081344/tools/bin/../lib/gcc/arm-none-eabi/13.3.1/../../../../arm-none-eabi/lib/thumb/v7e-m+fp/hard\libc_nano.a(libc_a-wctomb_r.o)
                0x08010a16                __ascii_wctomb