17:04:10 **** Incremental Build of configuration Debug for project newproject ****
make -j4 all 
arm-none-eabi-gcc "../Middlewares/Third_Party/SEGGER/OS/SEGGER_SYSVIEW_FreeRTOS.c" -mcpu=cortex-m4 -std=gnu11 -g3 -DDEBUG -DUSE_HAL_DRIVER -DSTM32F407xx -c -I../Core/Inc -I../Drivers/STM32F4xx_HAL_Driver/Inc -I../Drivers/STM32F4xx_HAL_Driver/Inc/Legacy -I../Middlewares/Third_Party/FreeRTOS/Source/include -I../Middlewares/Third_Party/FreeRTOS/Source/CMSIS_RTOS_V2 -I../Middlewares/Third_Party/FreeRTOS/Source/portable/GCC/ARM_CM4F -I../Drivers/CMSIS/Device/ST/STM32F4xx/Include -I../Drivers/CMSIS/Include -I"D:/stm32/newproject/Middlewares/Third_Party/SEGGER" -I"D:/stm32/newproject/Middlewares/Third_Party/SEGGER/Config" -I"D:/stm32/newproject/Middlewares/Third_Party/SEGGER/OS" -I"D:/stm32/newproject/Middlewares/Third_Party/SEGGER/SEGGER" -I"D:/stm32/newproject/Middlewares/Third_Party/FreeRTOS/Source/include" -I"D:/stm32/newproject/Middlewares/Third_Party/FreeRTOS/Source/portable/GCC/ARM_CM4F" -I"D:/stm32/newproject/Middlewares/Third_Party/SEGGER/Config" -I"D:/stm32/newproject/Middlewares/Third_Party/SEGGER/OS" -I"D:/stm32/newproject/Middlewares/Third_Party/SEGGER/Patch" -I"D:/stm32/newproject/Middlewares/Third_Party/SEGGER/Rec" -I"D:/stm32/newproject/Middlewares/Third_Party/SEGGER/SEGGER" -O0 -ffunction-sections -fdata-sections -Wall -fstack-usage -fcyclomatic-complexity -MMD -MP -MF"Middlewares/Third_Party/SEGGER/OS/SEGGER_SYSVIEW_FreeRTOS.d" -MT"Middlewares/Third_Party/SEGGER/OS/SEGGER_SYSVIEW_FreeRTOS.o" --specs=nano.specs -mfpu=fpv4-sp-d16 -mfloat-abi=hard -mthumb -o "Middlewares/Third_Party/SEGGER/OS/SEGGER_SYSVIEW_FreeRTOS.o"
arm-none-eabi-gcc "../Middlewares/Third_Party/SEGGER/Config/SEGGER_SYSVIEW_Config_FreeRTOS.c" -mcpu=cortex-m4 -std=gnu11 -g3 -DDEBUG -DUSE_HAL_DRIVER -DSTM32F407xx -c -I../Core/Inc -I../Drivers/STM32F4xx_HAL_Driver/Inc -I../Drivers/STM32F4xx_HAL_Driver/Inc/Legacy -I../Middlewares/Third_Party/FreeRTOS/Source/include -I../Middlewares/Third_Party/FreeRTOS/Source/CMSIS_RTOS_V2 -I../Middlewares/Third_Party/FreeRTOS/Source/portable/GCC/ARM_CM4F -I../Drivers/CMSIS/Device/ST/STM32F4xx/Include -I../Drivers/CMSIS/Include -I"D:/stm32/newproject/Middlewares/Third_Party/SEGGER" -I"D:/stm32/newproject/Middlewares/Third_Party/SEGGER/Config" -I"D:/stm32/newproject/Middlewares/Third_Party/SEGGER/OS" -I"D:/stm32/newproject/Middlewares/Third_Party/SEGGER/SEGGER" -I"D:/stm32/newproject/Middlewares/Third_Party/FreeRTOS/Source/include" -I"D:/stm32/newproject/Middlewares/Third_Party/FreeRTOS/Source/portable/GCC/ARM_CM4F" -I"D:/stm32/newproject/Middlewares/Third_Party/SEGGER/Config" -I"D:/stm32/newproject/Middlewares/Third_Party/SEGGER/OS" -I"D:/stm32/newproject/Middlewares/Third_Party/SEGGER/Patch" -I"D:/stm32/newproject/Middlewares/Third_Party/SEGGER/Rec" -I"D:/stm32/newproject/Middlewares/Third_Party/SEGGER/SEGGER" -O0 -ffunction-sections -fdata-sections -Wall -fstack-usage -fcyclomatic-complexity -MMD -MP -MF"Middlewares/Third_Party/SEGGER/Config/SEGGER_SYSVIEW_Config_FreeRTOS.d" -MT"Middlewares/Third_Party/SEGGER/Config/SEGGER_SYSVIEW_Config_FreeRTOS.o" --specs=nano.specs -mfpu=fpv4-sp-d16 -mfloat-abi=hard -mthumb -o "Middlewares/Third_Party/SEGGER/Config/SEGGER_SYSVIEW_Config_FreeRTOS.o"
arm-none-eabi-gcc "../Middlewares/Third_Party/FreeRTOS/Source/portable/MemMang/heap_4.c" -mcpu=cortex-m4 -std=gnu11 -g3 -DDEBUG -DUSE_HAL_DRIVER -DSTM32F407xx -c -I../Core/Inc -I../Drivers/STM32F4xx_HAL_Driver/Inc -I../Drivers/STM32F4xx_HAL_Driver/Inc/Legacy -I../Middlewares/Third_Party/FreeRTOS/Source/include -I../Middlewares/Third_Party/FreeRTOS/Source/CMSIS_RTOS_V2 -I../Middlewares/Third_Party/FreeRTOS/Source/portable/GCC/ARM_CM4F -I../Drivers/CMSIS/Device/ST/STM32F4xx/Include -I../Drivers/CMSIS/Include -I"D:/stm32/newproject/Middlewares/Third_Party/SEGGER" -I"D:/stm32/newproject/Middlewares/Third_Party/SEGGER/Config" -I"D:/stm32/newproject/Middlewares/Third_Party/SEGGER/OS" -I"D:/stm32/newproject/Middlewares/Third_Party/SEGGER/SEGGER" -I"D:/stm32/newproject/Middlewares/Third_Party/FreeRTOS/Source/include" -I"D:/stm32/newproject/Middlewares/Third_Party/FreeRTOS/Source/portable/GCC/ARM_CM4F" -I"D:/stm32/newproject/Middlewares/Third_Party/SEGGER/Config" -I"D:/stm32/newproject/Middlewares/Third_Party/SEGGER/OS" -I"D:/stm32/newproject/Middlewares/Third_Party/SEGGER/Patch" -I"D:/stm32/newproject/Middlewares/Third_Party/SEGGER/Rec" -I"D:/stm32/newproject/Middlewares/Third_Party/SEGGER/SEGGER" -O0 -ffunction-sections -fdata-sections -Wall -fstack-usage -fcyclomatic-complexity -MMD -MP -MF"Middlewares/Third_Party/FreeRTOS/Source/portable/MemMang/heap_4.d" -MT"Middlewares/Third_Party/FreeRTOS/Source/portable/MemMang/heap_4.o" --specs=nano.specs -mfpu=fpv4-sp-d16 -mfloat-abi=hard -mthumb -o "Middlewares/Third_Party/FreeRTOS/Source/portable/MemMang/heap_4.o"
arm-none-eabi-gcc "../Middlewares/Third_Party/FreeRTOS/Source/portable/GCC/ARM_CM4F/port.c" -mcpu=cortex-m4 -std=gnu11 -g3 -DDEBUG -DUSE_HAL_DRIVER -DSTM32F407xx -c -I../Core/Inc -I../Drivers/STM32F4xx_HAL_Driver/Inc -I../Drivers/STM32F4xx_HAL_Driver/Inc/Legacy -I../Middlewares/Third_Party/FreeRTOS/Source/include -I../Middlewares/Third_Party/FreeRTOS/Source/CMSIS_RTOS_V2 -I../Middlewares/Third_Party/FreeRTOS/Source/portable/GCC/ARM_CM4F -I../Drivers/CMSIS/Device/ST/STM32F4xx/Include -I../Drivers/CMSIS/Include -I"D:/stm32/newproject/Middlewares/Third_Party/SEGGER" -I"D:/stm32/newproject/Middlewares/Third_Party/SEGGER/Config" -I"D:/stm32/newproject/Middlewares/Third_Party/SEGGER/OS" -I"D:/stm32/newproject/Middlewares/Third_Party/SEGGER/SEGGER" -I"D:/stm32/newproject/Middlewares/Third_Party/FreeRTOS/Source/include" -I"D:/stm32/newproject/Middlewares/Third_Party/FreeRTOS/Source/portable/GCC/ARM_CM4F" -I"D:/stm32/newproject/Middlewares/Third_Party/SEGGER/Config" -I"D:/stm32/newproject/Middlewares/Third_Party/SEGGER/OS" -I"D:/stm32/newproject/Middlewares/Third_Party/SEGGER/Patch" -I"D:/stm32/newproject/Middlewares/Third_Party/SEGGER/Rec" -I"D:/stm32/newproject/Middlewares/Third_Party/SEGGER/SEGGER" -O0 -ffunction-sections -fdata-sections -Wall -fstack-usage -fcyclomatic-complexity -MMD -MP -MF"Middlewares/Third_Party/FreeRTOS/Source/portable/GCC/ARM_CM4F/port.d" -MT"Middlewares/Third_Party/FreeRTOS/Source/portable/GCC/ARM_CM4F/port.o" --specs=nano.specs -mfpu=fpv4-sp-d16 -mfloat-abi=hard -mthumb -o "Middlewares/Third_Party/FreeRTOS/Source/portable/GCC/ARM_CM4F/port.o"
arm-none-eabi-gcc "../Middlewares/Third_Party/FreeRTOS/Source/CMSIS_RTOS_V2/cmsis_os2.c" -mcpu=cortex-m4 -std=gnu11 -g3 -DDEBUG -DUSE_HAL_DRIVER -DSTM32F407xx -c -I../Core/Inc -I../Drivers/STM32F4xx_HAL_Driver/Inc -I../Drivers/STM32F4xx_HAL_Driver/Inc/Legacy -I../Middlewares/Third_Party/FreeRTOS/Source/include -I../Middlewares/Third_Party/FreeRTOS/Source/CMSIS_RTOS_V2 -I../Middlewares/Third_Party/FreeRTOS/Source/portable/GCC/ARM_CM4F -I../Drivers/CMSIS/Device/ST/STM32F4xx/Include -I../Drivers/CMSIS/Include -I"D:/stm32/newproject/Middlewares/Third_Party/SEGGER" -I"D:/stm32/newproject/Middlewares/Third_Party/SEGGER/Config" -I"D:/stm32/newproject/Middlewares/Third_Party/SEGGER/OS" -I"D:/stm32/newproject/Middlewares/Third_Party/SEGGER/SEGGER" -I"D:/stm32/newproject/Middlewares/Third_Party/FreeRTOS/Source/include" -I"D:/stm32/newproject/Middlewares/Third_Party/FreeRTOS/Source/portable/GCC/ARM_CM4F" -I"D:/stm32/newproject/Middlewares/Third_Party/SEGGER/Config" -I"D:/stm32/newproject/Middlewares/Third_Party/SEGGER/OS" -I"D:/stm32/newproject/Middlewares/Third_Party/SEGGER/Patch" -I"D:/stm32/newproject/Middlewares/Third_Party/SEGGER/Rec" -I"D:/stm32/newproject/Middlewares/Third_Party/SEGGER/SEGGER" -O0 -ffunction-sections -fdata-sections -Wall -fstack-usage -fcyclomatic-complexity -MMD -MP -MF"Middlewares/Third_Party/FreeRTOS/Source/CMSIS_RTOS_V2/cmsis_os2.d" -MT"Middlewares/Third_Party/FreeRTOS/Source/CMSIS_RTOS_V2/cmsis_os2.o" --specs=nano.specs -mfpu=fpv4-sp-d16 -mfloat-abi=hard -mthumb -o "Middlewares/Third_Party/FreeRTOS/Source/CMSIS_RTOS_V2/cmsis_os2.o"
arm-none-eabi-gcc "../Middlewares/Third_Party/FreeRTOS/Source/croutine.c" -mcpu=cortex-m4 -std=gnu11 -g3 -DDEBUG -DUSE_HAL_DRIVER -DSTM32F407xx -c -I../Core/Inc -I../Drivers/STM32F4xx_HAL_Driver/Inc -I../Drivers/STM32F4xx_HAL_Driver/Inc/Legacy -I../Middlewares/Third_Party/FreeRTOS/Source/include -I../Middlewares/Third_Party/FreeRTOS/Source/CMSIS_RTOS_V2 -I../Middlewares/Third_Party/FreeRTOS/Source/portable/GCC/ARM_CM4F -I../Drivers/CMSIS/Device/ST/STM32F4xx/Include -I../Drivers/CMSIS/Include -I"D:/stm32/newproject/Middlewares/Third_Party/SEGGER" -I"D:/stm32/newproject/Middlewares/Third_Party/SEGGER/Config" -I"D:/stm32/newproject/Middlewares/Third_Party/SEGGER/OS" -I"D:/stm32/newproject/Middlewares/Third_Party/SEGGER/SEGGER" -I"D:/stm32/newproject/Middlewares/Third_Party/FreeRTOS/Source/include" -I"D:/stm32/newproject/Middlewares/Third_Party/FreeRTOS/Source/portable/GCC/ARM_CM4F" -I"D:/stm32/newproject/Middlewares/Third_Party/SEGGER/Config" -I"D:/stm32/newproject/Middlewares/Third_Party/SEGGER/OS" -I"D:/stm32/newproject/Middlewares/Third_Party/SEGGER/Patch" -I"D:/stm32/newproject/Middlewares/Third_Party/SEGGER/Rec" -I"D:/stm32/newproject/Middlewares/Third_Party/SEGGER/SEGGER" -O0 -ffunction-sections -fdata-sections -Wall -fstack-usage -fcyclomatic-complexity -MMD -MP -MF"Middlewares/Third_Party/FreeRTOS/Source/croutine.d" -MT"Middlewares/Third_Party/FreeRTOS/Source/croutine.o" --specs=nano.specs -mfpu=fpv4-sp-d16 -mfloat-abi=hard -mthumb -o "Middlewares/Third_Party/FreeRTOS/Source/croutine.o"
arm-none-eabi-gcc "../Middlewares/Third_Party/FreeRTOS/Source/event_groups.c" -mcpu=cortex-m4 -std=gnu11 -g3 -DDEBUG -DUSE_HAL_DRIVER -DSTM32F407xx -c -I../Core/Inc -I../Drivers/STM32F4xx_HAL_Driver/Inc -I../Drivers/STM32F4xx_HAL_Driver/Inc/Legacy -I../Middlewares/Third_Party/FreeRTOS/Source/include -I../Middlewares/Third_Party/FreeRTOS/Source/CMSIS_RTOS_V2 -I../Middlewares/Third_Party/FreeRTOS/Source/portable/GCC/ARM_CM4F -I../Drivers/CMSIS/Device/ST/STM32F4xx/Include -I../Drivers/CMSIS/Include -I"D:/stm32/newproject/Middlewares/Third_Party/SEGGER" -I"D:/stm32/newproject/Middlewares/Third_Party/SEGGER/Config" -I"D:/stm32/newproject/Middlewares/Third_Party/SEGGER/OS" -I"D:/stm32/newproject/Middlewares/Third_Party/SEGGER/SEGGER" -I"D:/stm32/newproject/Middlewares/Third_Party/FreeRTOS/Source/include" -I"D:/stm32/newproject/Middlewares/Third_Party/FreeRTOS/Source/portable/GCC/ARM_CM4F" -I"D:/stm32/newproject/Middlewares/Third_Party/SEGGER/Config" -I"D:/stm32/newproject/Middlewares/Third_Party/SEGGER/OS" -I"D:/stm32/newproject/Middlewares/Third_Party/SEGGER/Patch" -I"D:/stm32/newproject/Middlewares/Third_Party/SEGGER/Rec" -I"D:/stm32/newproject/Middlewares/Third_Party/SEGGER/SEGGER" -O0 -ffunction-sections -fdata-sections -Wall -fstack-usage -fcyclomatic-complexity -MMD -MP -MF"Middlewares/Third_Party/FreeRTOS/Source/event_groups.d" -MT"Middlewares/Third_Party/FreeRTOS/Source/event_groups.o" --specs=nano.specs -mfpu=fpv4-sp-d16 -mfloat-abi=hard -mthumb -o "Middlewares/Third_Party/FreeRTOS/Source/event_groups.o"
arm-none-eabi-gcc "../Middlewares/Third_Party/FreeRTOS/Source/list.c" -mcpu=cortex-m4 -std=gnu11 -g3 -DDEBUG -DUSE_HAL_DRIVER -DSTM32F407xx -c -I../Core/Inc -I../Drivers/STM32F4xx_HAL_Driver/Inc -I../Drivers/STM32F4xx_HAL_Driver/Inc/Legacy -I../Middlewares/Third_Party/FreeRTOS/Source/include -I../Middlewares/Third_Party/FreeRTOS/Source/CMSIS_RTOS_V2 -I../Middlewares/Third_Party/FreeRTOS/Source/portable/GCC/ARM_CM4F -I../Drivers/CMSIS/Device/ST/STM32F4xx/Include -I../Drivers/CMSIS/Include -I"D:/stm32/newproject/Middlewares/Third_Party/SEGGER" -I"D:/stm32/newproject/Middlewares/Third_Party/SEGGER/Config" -I"D:/stm32/newproject/Middlewares/Third_Party/SEGGER/OS" -I"D:/stm32/newproject/Middlewares/Third_Party/SEGGER/SEGGER" -I"D:/stm32/newproject/Middlewares/Third_Party/FreeRTOS/Source/include" -I"D:/stm32/newproject/Middlewares/Third_Party/FreeRTOS/Source/portable/GCC/ARM_CM4F" -I"D:/stm32/newproject/Middlewares/Third_Party/SEGGER/Config" -I"D:/stm32/newproject/Middlewares/Third_Party/SEGGER/OS" -I"D:/stm32/newproject/Middlewares/Third_Party/SEGGER/Patch" -I"D:/stm32/newproject/Middlewares/Third_Party/SEGGER/Rec" -I"D:/stm32/newproject/Middlewares/Third_Party/SEGGER/SEGGER" -O0 -ffunction-sections -fdata-sections -Wall -fstack-usage -fcyclomatic-complexity -MMD -MP -MF"Middlewares/Third_Party/FreeRTOS/Source/list.d" -MT"Middlewares/Third_Party/FreeRTOS/Source/list.o" --specs=nano.specs -mfpu=fpv4-sp-d16 -mfloat-abi=hard -mthumb -o "Middlewares/Third_Party/FreeRTOS/Source/list.o"
arm-none-eabi-gcc "../Middlewares/Third_Party/FreeRTOS/Source/queue.c" -mcpu=cortex-m4 -std=gnu11 -g3 -DDEBUG -DUSE_HAL_DRIVER -DSTM32F407xx -c -I../Core/Inc -I../Drivers/STM32F4xx_HAL_Driver/Inc -I../Drivers/STM32F4xx_HAL_Driver/Inc/Legacy -I../Middlewares/Third_Party/FreeRTOS/Source/include -I../Middlewares/Third_Party/FreeRTOS/Source/CMSIS_RTOS_V2 -I../Middlewares/Third_Party/FreeRTOS/Source/portable/GCC/ARM_CM4F -I../Drivers/CMSIS/Device/ST/STM32F4xx/Include -I../Drivers/CMSIS/Include -I"D:/stm32/newproject/Middlewares/Third_Party/SEGGER" -I"D:/stm32/newproject/Middlewares/Third_Party/SEGGER/Config" -I"D:/stm32/newproject/Middlewares/Third_Party/SEGGER/OS" -I"D:/stm32/newproject/Middlewares/Third_Party/SEGGER/SEGGER" -I"D:/stm32/newproject/Middlewares/Third_Party/FreeRTOS/Source/include" -I"D:/stm32/newproject/Middlewares/Third_Party/FreeRTOS/Source/portable/GCC/ARM_CM4F" -I"D:/stm32/newproject/Middlewares/Third_Party/SEGGER/Config" -I"D:/stm32/newproject/Middlewares/Third_Party/SEGGER/OS" -I"D:/stm32/newproject/Middlewares/Third_Party/SEGGER/Patch" -I"D:/stm32/newproject/Middlewares/Third_Party/SEGGER/Rec" -I"D:/stm32/newproject/Middlewares/Third_Party/SEGGER/SEGGER" -O0 -ffunction-sections -fdata-sections -Wall -fstack-usage -fcyclomatic-complexity -MMD -MP -MF"Middlewares/Third_Party/FreeRTOS/Source/queue.d" -MT"Middlewares/Third_Party/FreeRTOS/Source/queue.o" --specs=nano.specs -mfpu=fpv4-sp-d16 -mfloat-abi=hard -mthumb -o "Middlewares/Third_Party/FreeRTOS/Source/queue.o"
arm-none-eabi-gcc "../Middlewares/Third_Party/FreeRTOS/Source/stream_buffer.c" -mcpu=cortex-m4 -std=gnu11 -g3 -DDEBUG -DUSE_HAL_DRIVER -DSTM32F407xx -c -I../Core/Inc -I../Drivers/STM32F4xx_HAL_Driver/Inc -I../Drivers/STM32F4xx_HAL_Driver/Inc/Legacy -I../Middlewares/Third_Party/FreeRTOS/Source/include -I../Middlewares/Third_Party/FreeRTOS/Source/CMSIS_RTOS_V2 -I../Middlewares/Third_Party/FreeRTOS/Source/portable/GCC/ARM_CM4F -I../Drivers/CMSIS/Device/ST/STM32F4xx/Include -I../Drivers/CMSIS/Include -I"D:/stm32/newproject/Middlewares/Third_Party/SEGGER" -I"D:/stm32/newproject/Middlewares/Third_Party/SEGGER/Config" -I"D:/stm32/newproject/Middlewares/Third_Party/SEGGER/OS" -I"D:/stm32/newproject/Middlewares/Third_Party/SEGGER/SEGGER" -I"D:/stm32/newproject/Middlewares/Third_Party/FreeRTOS/Source/include" -I"D:/stm32/newproject/Middlewares/Third_Party/FreeRTOS/Source/portable/GCC/ARM_CM4F" -I"D:/stm32/newproject/Middlewares/Third_Party/SEGGER/Config" -I"D:/stm32/newproject/Middlewares/Third_Party/SEGGER/OS" -I"D:/stm32/newproject/Middlewares/Third_Party/SEGGER/Patch" -I"D:/stm32/newproject/Middlewares/Third_Party/SEGGER/Rec" -I"D:/stm32/newproject/Middlewares/Third_Party/SEGGER/SEGGER" -O0 -ffunction-sections -fdata-sections -Wall -fstack-usage -fcyclomatic-complexity -MMD -MP -MF"Middlewares/Third_Party/FreeRTOS/Source/stream_buffer.d" -MT"Middlewares/Third_Party/FreeRTOS/Source/stream_buffer.o" --specs=nano.specs -mfpu=fpv4-sp-d16 -mfloat-abi=hard -mthumb -o "Middlewares/Third_Party/FreeRTOS/Source/stream_buffer.o"
arm-none-eabi-gcc "../Middlewares/Third_Party/FreeRTOS/Source/tasks.c" -mcpu=cortex-m4 -std=gnu11 -g3 -DDEBUG -DUSE_HAL_DRIVER -DSTM32F407xx -c -I../Core/Inc -I../Drivers/STM32F4xx_HAL_Driver/Inc -I../Drivers/STM32F4xx_HAL_Driver/Inc/Legacy -I../Middlewares/Third_Party/FreeRTOS/Source/include -I../Middlewares/Third_Party/FreeRTOS/Source/CMSIS_RTOS_V2 -I../Middlewares/Third_Party/FreeRTOS/Source/portable/GCC/ARM_CM4F -I../Drivers/CMSIS/Device/ST/STM32F4xx/Include -I../Drivers/CMSIS/Include -I"D:/stm32/newproject/Middlewares/Third_Party/SEGGER" -I"D:/stm32/newproject/Middlewares/Third_Party/SEGGER/Config" -I"D:/stm32/newproject/Middlewares/Third_Party/SEGGER/OS" -I"D:/stm32/newproject/Middlewares/Third_Party/SEGGER/SEGGER" -I"D:/stm32/newproject/Middlewares/Third_Party/FreeRTOS/Source/include" -I"D:/stm32/newproject/Middlewares/Third_Party/FreeRTOS/Source/portable/GCC/ARM_CM4F" -I"D:/stm32/newproject/Middlewares/Third_Party/SEGGER/Config" -I"D:/stm32/newproject/Middlewares/Third_Party/SEGGER/OS" -I"D:/stm32/newproject/Middlewares/Third_Party/SEGGER/Patch" -I"D:/stm32/newproject/Middlewares/Third_Party/SEGGER/Rec" -I"D:/stm32/newproject/Middlewares/Third_Party/SEGGER/SEGGER" -O0 -ffunction-sections -fdata-sections -Wall -fstack-usage -fcyclomatic-complexity -MMD -MP -MF"Middlewares/Third_Party/FreeRTOS/Source/tasks.d" -MT"Middlewares/Third_Party/FreeRTOS/Source/tasks.o" --specs=nano.specs -mfpu=fpv4-sp-d16 -mfloat-abi=hard -mthumb -o "Middlewares/Third_Party/FreeRTOS/Source/tasks.o"
arm-none-eabi-gcc "../Middlewares/Third_Party/FreeRTOS/Source/timers.c" -mcpu=cortex-m4 -std=gnu11 -g3 -DDEBUG -DUSE_HAL_DRIVER -DSTM32F407xx -c -I../Core/Inc -I../Drivers/STM32F4xx_HAL_Driver/Inc -I../Drivers/STM32F4xx_HAL_Driver/Inc/Legacy -I../Middlewares/Third_Party/FreeRTOS/Source/include -I../Middlewares/Third_Party/FreeRTOS/Source/CMSIS_RTOS_V2 -I../Middlewares/Third_Party/FreeRTOS/Source/portable/GCC/ARM_CM4F -I../Drivers/CMSIS/Device/ST/STM32F4xx/Include -I../Drivers/CMSIS/Include -I"D:/stm32/newproject/Middlewares/Third_Party/SEGGER" -I"D:/stm32/newproject/Middlewares/Third_Party/SEGGER/Config" -I"D:/stm32/newproject/Middlewares/Third_Party/SEGGER/OS" -I"D:/stm32/newproject/Middlewares/Third_Party/SEGGER/SEGGER" -I"D:/stm32/newproject/Middlewares/Third_Party/FreeRTOS/Source/include" -I"D:/stm32/newproject/Middlewares/Third_Party/FreeRTOS/Source/portable/GCC/ARM_CM4F" -I"D:/stm32/newproject/Middlewares/Third_Party/SEGGER/Config" -I"D:/stm32/newproject/Middlewares/Third_Party/SEGGER/OS" -I"D:/stm32/newproject/Middlewares/Third_Party/SEGGER/Patch" -I"D:/stm32/newproject/Middlewares/Third_Party/SEGGER/Rec" -I"D:/stm32/newproject/Middlewares/Third_Party/SEGGER/SEGGER" -O0 -ffunction-sections -fdata-sections -Wall -fstack-usage -fcyclomatic-complexity -MMD -MP -MF"Middlewares/Third_Party/FreeRTOS/Source/timers.d" -MT"Middlewares/Third_Party/FreeRTOS/Source/timers.o" --specs=nano.specs -mfpu=fpv4-sp-d16 -mfloat-abi=hard -mthumb -o "Middlewares/Third_Party/FreeRTOS/Source/timers.o"
arm-none-eabi-gcc "../Core/Src/freertos.c" -mcpu=cortex-m4 -std=gnu11 -g3 -DDEBUG -DUSE_HAL_DRIVER -DSTM32F407xx -c -I../Core/Inc -I../Drivers/STM32F4xx_HAL_Driver/Inc -I../Drivers/STM32F4xx_HAL_Driver/Inc/Legacy -I../Middlewares/Third_Party/FreeRTOS/Source/include -I../Middlewares/Third_Party/FreeRTOS/Source/CMSIS_RTOS_V2 -I../Middlewares/Third_Party/FreeRTOS/Source/portable/GCC/ARM_CM4F -I../Drivers/CMSIS/Device/ST/STM32F4xx/Include -I../Drivers/CMSIS/Include -I"D:/stm32/newproject/Middlewares/Third_Party/SEGGER" -I"D:/stm32/newproject/Middlewares/Third_Party/SEGGER/Config" -I"D:/stm32/newproject/Middlewares/Third_Party/SEGGER/OS" -I"D:/stm32/newproject/Middlewares/Third_Party/SEGGER/SEGGER" -I"D:/stm32/newproject/Middlewares/Third_Party/FreeRTOS/Source/include" -I"D:/stm32/newproject/Middlewares/Third_Party/FreeRTOS/Source/portable/GCC/ARM_CM4F" -I"D:/stm32/newproject/Middlewares/Third_Party/SEGGER/Config" -I"D:/stm32/newproject/Middlewares/Third_Party/SEGGER/OS" -I"D:/stm32/newproject/Middlewares/Third_Party/SEGGER/Patch" -I"D:/stm32/newproject/Middlewares/Third_Party/SEGGER/Rec" -I"D:/stm32/newproject/Middlewares/Third_Party/SEGGER/SEGGER" -O0 -ffunction-sections -fdata-sections -Wall -fstack-usage -fcyclomatic-complexity -MMD -MP -MF"Core/Src/freertos.d" -MT"Core/Src/freertos.o" --specs=nano.specs -mfpu=fpv4-sp-d16 -mfloat-abi=hard -mthumb -o "Core/Src/freertos.o"
arm-none-eabi-gcc "../Core/Src/main.c" -mcpu=cortex-m4 -std=gnu11 -g3 -DDEBUG -DUSE_HAL_DRIVER -DSTM32F407xx -c -I../Core/Inc -I../Drivers/STM32F4xx_HAL_Driver/Inc -I../Drivers/STM32F4xx_HAL_Driver/Inc/Legacy -I../Middlewares/Third_Party/FreeRTOS/Source/include -I../Middlewares/Third_Party/FreeRTOS/Source/CMSIS_RTOS_V2 -I../Middlewares/Third_Party/FreeRTOS/Source/portable/GCC/ARM_CM4F -I../Drivers/CMSIS/Device/ST/STM32F4xx/Include -I../Drivers/CMSIS/Include -I"D:/stm32/newproject/Middlewares/Third_Party/SEGGER" -I"D:/stm32/newproject/Middlewares/Third_Party/SEGGER/Config" -I"D:/stm32/newproject/Middlewares/Third_Party/SEGGER/OS" -I"D:/stm32/newproject/Middlewares/Third_Party/SEGGER/SEGGER" -I"D:/stm32/newproject/Middlewares/Third_Party/FreeRTOS/Source/include" -I"D:/stm32/newproject/Middlewares/Third_Party/FreeRTOS/Source/portable/GCC/ARM_CM4F" -I"D:/stm32/newproject/Middlewares/Third_Party/SEGGER/Config" -I"D:/stm32/newproject/Middlewares/Third_Party/SEGGER/OS" -I"D:/stm32/newproject/Middlewares/Third_Party/SEGGER/Patch" -I"D:/stm32/newproject/Middlewares/Third_Party/SEGGER/Rec" -I"D:/stm32/newproject/Middlewares/Third_Party/SEGGER/SEGGER" -O0 -ffunction-sections -fdata-sections -Wall -fstack-usage -fcyclomatic-complexity -MMD -MP -MF"Core/Src/main.d" -MT"Core/Src/main.o" --specs=nano.specs -mfpu=fpv4-sp-d16 -mfloat-abi=hard -mthumb -o "Core/Src/main.o"
arm-none-eabi-gcc "../Core/Src/stm32f4xx_hal_msp.c" -mcpu=cortex-m4 -std=gnu11 -g3 -DDEBUG -DUSE_HAL_DRIVER -DSTM32F407xx -c -I../Core/Inc -I../Drivers/STM32F4xx_HAL_Driver/Inc -I../Drivers/STM32F4xx_HAL_Driver/Inc/Legacy -I../Middlewares/Third_Party/FreeRTOS/Source/include -I../Middlewares/Third_Party/FreeRTOS/Source/CMSIS_RTOS_V2 -I../Middlewares/Third_Party/FreeRTOS/Source/portable/GCC/ARM_CM4F -I../Drivers/CMSIS/Device/ST/STM32F4xx/Include -I../Drivers/CMSIS/Include -I"D:/stm32/newproject/Middlewares/Third_Party/SEGGER" -I"D:/stm32/newproject/Middlewares/Third_Party/SEGGER/Config" -I"D:/stm32/newproject/Middlewares/Third_Party/SEGGER/OS" -I"D:/stm32/newproject/Middlewares/Third_Party/SEGGER/SEGGER" -I"D:/stm32/newproject/Middlewares/Third_Party/FreeRTOS/Source/include" -I"D:/stm32/newproject/Middlewares/Third_Party/FreeRTOS/Source/portable/GCC/ARM_CM4F" -I"D:/stm32/newproject/Middlewares/Third_Party/SEGGER/Config" -I"D:/stm32/newproject/Middlewares/Third_Party/SEGGER/OS" -I"D:/stm32/newproject/Middlewares/Third_Party/SEGGER/Patch" -I"D:/stm32/newproject/Middlewares/Third_Party/SEGGER/Rec" -I"D:/stm32/newproject/Middlewares/Third_Party/SEGGER/SEGGER" -O0 -ffunction-sections -fdata-sections -Wall -fstack-usage -fcyclomatic-complexity -MMD -MP -MF"Core/Src/stm32f4xx_hal_msp.d" -MT"Core/Src/stm32f4xx_hal_msp.o" --specs=nano.specs -mfpu=fpv4-sp-d16 -mfloat-abi=hard -mthumb -o "Core/Src/stm32f4xx_hal_msp.o"
In file included from D:/stm32/newproject/Middlewares/Third_Party/SEGGER/SEGGER/SEGGER_SYSVIEW_ConfDefaults.h:65,
                 from D:/stm32/newproject/Middlewares/Third_Party/SEGGER/SEGGER/SEGGER_SYSVIEW.h:65,
                 from D:/stm32/newproject/Middlewares/Third_Party/SEGGER/OS/SEGGER_SYSVIEW_FreeRTOS.h:62,
                 from ../Core/Inc/FreeRTOSConfig.h:48,
                 from ../Middlewares/Third_Party/FreeRTOS/Source/include/FreeRTOS.h:56,
                 from ../Middlewares/Third_Party/FreeRTOS/Source/CMSIS_RTOS_V2/cmsis_os.h:126,
                 from ../Core/Src/main.c:21:
../Core/Src/main.c: In function 'main':
D:/stm32/newproject/Middlewares/Third_Party/SEGGER/Config/SEGGER_SYSVIEW_Conf.h:93:25: warning: statement with no effect [-Wunused-value]
   93 | #define SEGGER_UART_REC 1
      |                         ^
../Core/Src/main.c:131:3: note: in expansion of macro 'SEGGER_UART_REC'
  131 |   SEGGER_UART_REC;
      |   ^~~~~~~~~~~~~~~
arm-none-eabi-gcc -o "newproject.elf" @"objects.list"   -mcpu=cortex-m4 -T"D:\stm32\newproject\STM32F407VGTX_FLASH.ld" --specs=nosys.specs -Wl,-Map="newproject.map" -Wl,--gc-sections -static --specs=nano.specs -mfpu=fpv4-sp-d16 -mfloat-abi=hard -mthumb -Wl,--start-group -lc -lm -Wl,--end-group
Finished building target: newproject.elf
 
arm-none-eabi-size  newproject.elf 
arm-none-eabi-objdump -h -S newproject.elf  > "newproject.list"
   text	   data	    bss	    dec	    hex	filename
  32544	     16	  26488	  59048	   e6a8	newproject.elf
Finished building: default.size.stdout
 
Finished building: newproject.list
 

17:04:20 Build Finished. 0 errors, 1 warnings. (took 10s.210ms)

