../Middlewares/Third_Party/SEGGER/SEGGER/SEGGER_SYSVIEW.c:423:12:_EncodeData	32	static
../Middlewares/Third_Party/SEGGER/SEGGER/SEGGER_SYSVIEW.c:462:12:_EncodeFloat	32	static
../Middlewares/Third_Party/SEGGER/SEGGER/SEGGER_SYSVIEW.c:502:12:_EncodeStr	32	static
../Middlewares/Third_Party/SEGGER/SEGGER/SEGGER_SYSVIEW.c:560:12:_PreparePacket	16	static
../Middlewares/Third_Party/SEGGER/SEGGER/SEGGER_SYSVIEW.c:577:13:_HandleIncomingPacket	16	static
../Middlewares/Third_Party/SEGGER/SEGGER/SEGGER_SYSVIEW.c:644:12:_TrySendOverflowPacket	56	static
../Middlewares/Third_Party/SEGGER/SEGGER/SEGGER_SYSVIEW.c:748:13:_SendPacket	48	static
../Middlewares/Third_Party/SEGGER/SEGGER/SEGGER_SYSVIEW.c:953:12:_VPrintHost	144	static,ignoring_inline_asm
../Middlewares/Third_Party/SEGGER/SEGGER/SEGGER_SYSVIEW.c:1034:13:_StoreChar	48	static
../Middlewares/Third_Party/SEGGER/SEGGER/SEGGER_SYSVIEW.c:1076:13:_PrintUnsigned	48	static
../Middlewares/Third_Party/SEGGER/SEGGER/SEGGER_SYSVIEW.c:1167:13:_PrintInt	40	static
../Middlewares/Third_Party/SEGGER/SEGGER/SEGGER_SYSVIEW.c:1240:13:_VPrintTarget	104	static,ignoring_inline_asm
../Middlewares/Third_Party/SEGGER/SEGGER/SEGGER_SYSVIEW.c:1431:6:SEGGER_SYSVIEW_Init	32	static
../Middlewares/Third_Party/SEGGER/SEGGER/SEGGER_SYSVIEW.c:1476:6:SEGGER_SYSVIEW_SetRAMBase	16	static
../Middlewares/Third_Party/SEGGER/SEGGER/SEGGER_SYSVIEW.c:1490:6:SEGGER_SYSVIEW_RecordVoid	24	static,ignoring_inline_asm
../Middlewares/Third_Party/SEGGER/SEGGER/SEGGER_SYSVIEW.c:1510:6:SEGGER_SYSVIEW_RecordU32	40	static,ignoring_inline_asm
../Middlewares/Third_Party/SEGGER/SEGGER/SEGGER_SYSVIEW.c:1533:6:SEGGER_SYSVIEW_RecordU32x2	56	static,ignoring_inline_asm
../Middlewares/Third_Party/SEGGER/SEGGER/SEGGER_SYSVIEW.c:1558:6:SEGGER_SYSVIEW_RecordU32x3	64	static,ignoring_inline_asm
../Middlewares/Third_Party/SEGGER/SEGGER/SEGGER_SYSVIEW.c:1585:6:SEGGER_SYSVIEW_RecordU32x4	72	static,ignoring_inline_asm
../Middlewares/Third_Party/SEGGER/SEGGER/SEGGER_SYSVIEW.c:1614:6:SEGGER_SYSVIEW_RecordU32x5	80	static,ignoring_inline_asm
../Middlewares/Third_Party/SEGGER/SEGGER/SEGGER_SYSVIEW.c:1645:6:SEGGER_SYSVIEW_RecordU32x6	88	static,ignoring_inline_asm
../Middlewares/Third_Party/SEGGER/SEGGER/SEGGER_SYSVIEW.c:1678:6:SEGGER_SYSVIEW_RecordU32x7	96	static,ignoring_inline_asm
../Middlewares/Third_Party/SEGGER/SEGGER/SEGGER_SYSVIEW.c:1713:6:SEGGER_SYSVIEW_RecordU32x8	104	static,ignoring_inline_asm
../Middlewares/Third_Party/SEGGER/SEGGER/SEGGER_SYSVIEW.c:1750:6:SEGGER_SYSVIEW_RecordU32x9	112	static,ignoring_inline_asm
../Middlewares/Third_Party/SEGGER/SEGGER/SEGGER_SYSVIEW.c:1789:6:SEGGER_SYSVIEW_RecordU32x10	120	static,ignoring_inline_asm
../Middlewares/Third_Party/SEGGER/SEGGER/SEGGER_SYSVIEW.c:1824:6:SEGGER_SYSVIEW_RecordString	32	static,ignoring_inline_asm
../Middlewares/Third_Party/SEGGER/SEGGER/SEGGER_SYSVIEW.c:1860:6:SEGGER_SYSVIEW_Start	56	static,ignoring_inline_asm
../Middlewares/Third_Party/SEGGER/SEGGER/SEGGER_SYSVIEW.c:1915:6:SEGGER_SYSVIEW_Stop	16	static,ignoring_inline_asm
../Middlewares/Third_Party/SEGGER/SEGGER/SEGGER_SYSVIEW.c:1933:5:SEGGER_SYSVIEW_GetChannelID	4	static
../Middlewares/Third_Party/SEGGER/SEGGER/SEGGER_SYSVIEW.c:1945:6:SEGGER_SYSVIEW_GetSysDesc	56	static,ignoring_inline_asm
../Middlewares/Third_Party/SEGGER/SEGGER/SEGGER_SYSVIEW.c:1973:6:SEGGER_SYSVIEW_SendTaskInfo	80	static,ignoring_inline_asm
../Middlewares/Third_Party/SEGGER/SEGGER/SEGGER_SYSVIEW.c:2005:6:SEGGER_SYSVIEW_SendStackInfo	64	static,ignoring_inline_asm
../Middlewares/Third_Party/SEGGER/SEGGER/SEGGER_SYSVIEW.c:2030:6:SEGGER_SYSVIEW_SampleData	40	static,ignoring_inline_asm
../Middlewares/Third_Party/SEGGER/SEGGER/SEGGER_SYSVIEW.c:2050:6:SEGGER_SYSVIEW_SendTaskList	8	static
../Middlewares/Third_Party/SEGGER/SEGGER/SEGGER_SYSVIEW.c:2080:6:SEGGER_SYSVIEW_SendSysDesc	32	static,ignoring_inline_asm
../Middlewares/Third_Party/SEGGER/SEGGER/SEGGER_SYSVIEW.c:2098:6:SEGGER_SYSVIEW_RecordSystime	24	static
../Middlewares/Third_Party/SEGGER/SEGGER/SEGGER_SYSVIEW.c:2122:6:SEGGER_SYSVIEW_RecordEnterISR	32	static,ignoring_inline_asm
../Middlewares/Third_Party/SEGGER/SEGGER/SEGGER_SYSVIEW.c:2149:6:SEGGER_SYSVIEW_RecordExitISR	16	static,ignoring_inline_asm
../Middlewares/Third_Party/SEGGER/SEGGER/SEGGER_SYSVIEW.c:2171:6:SEGGER_SYSVIEW_RecordExitISRToScheduler	16	static,ignoring_inline_asm
../Middlewares/Third_Party/SEGGER/SEGGER/SEGGER_SYSVIEW.c:2189:6:SEGGER_SYSVIEW_RecordEnterTimer	40	static,ignoring_inline_asm
../Middlewares/Third_Party/SEGGER/SEGGER/SEGGER_SYSVIEW.c:2207:6:SEGGER_SYSVIEW_RecordExitTimer	16	static,ignoring_inline_asm
../Middlewares/Third_Party/SEGGER/SEGGER/SEGGER_SYSVIEW.c:2225:6:SEGGER_SYSVIEW_RecordEndCall	40	static,ignoring_inline_asm
../Middlewares/Third_Party/SEGGER/SEGGER/SEGGER_SYSVIEW.c:2247:6:SEGGER_SYSVIEW_RecordEndCallU32	48	static,ignoring_inline_asm
../Middlewares/Third_Party/SEGGER/SEGGER/SEGGER_SYSVIEW.c:2266:6:SEGGER_SYSVIEW_OnIdle	16	static,ignoring_inline_asm
../Middlewares/Third_Party/SEGGER/SEGGER/SEGGER_SYSVIEW.c:2285:6:SEGGER_SYSVIEW_OnTaskCreate	40	static,ignoring_inline_asm
../Middlewares/Third_Party/SEGGER/SEGGER/SEGGER_SYSVIEW.c:2310:6:SEGGER_SYSVIEW_OnTaskTerminate	40	static,ignoring_inline_asm
../Middlewares/Third_Party/SEGGER/SEGGER/SEGGER_SYSVIEW.c:2334:6:SEGGER_SYSVIEW_OnTaskStartExec	40	static,ignoring_inline_asm
../Middlewares/Third_Party/SEGGER/SEGGER/SEGGER_SYSVIEW.c:2354:6:SEGGER_SYSVIEW_OnTaskStopExec	16	static,ignoring_inline_asm
../Middlewares/Third_Party/SEGGER/SEGGER/SEGGER_SYSVIEW.c:2372:6:SEGGER_SYSVIEW_OnTaskStartReady	40	static,ignoring_inline_asm
../Middlewares/Third_Party/SEGGER/SEGGER/SEGGER_SYSVIEW.c:2395:6:SEGGER_SYSVIEW_OnTaskStopReady	48	static,ignoring_inline_asm
../Middlewares/Third_Party/SEGGER/SEGGER/SEGGER_SYSVIEW.c:2418:6:SEGGER_SYSVIEW_MarkStart	40	static,ignoring_inline_asm
../Middlewares/Third_Party/SEGGER/SEGGER/SEGGER_SYSVIEW.c:2439:6:SEGGER_SYSVIEW_MarkStop	40	static,ignoring_inline_asm
../Middlewares/Third_Party/SEGGER/SEGGER/SEGGER_SYSVIEW.c:2460:6:SEGGER_SYSVIEW_Mark	48	static,ignoring_inline_asm
../Middlewares/Third_Party/SEGGER/SEGGER/SEGGER_SYSVIEW.c:2487:6:SEGGER_SYSVIEW_NameMarker	48	static,ignoring_inline_asm
../Middlewares/Third_Party/SEGGER/SEGGER/SEGGER_SYSVIEW.c:2515:6:SEGGER_SYSVIEW_NameResource	40	static,ignoring_inline_asm
../Middlewares/Third_Party/SEGGER/SEGGER/SEGGER_SYSVIEW.c:2541:6:SEGGER_SYSVIEW_RegisterData	192	static,ignoring_inline_asm
../Middlewares/Third_Party/SEGGER/SEGGER/SEGGER_SYSVIEW.c:2613:6:SEGGER_SYSVIEW_HeapDefine	80	static,ignoring_inline_asm
../Middlewares/Third_Party/SEGGER/SEGGER/SEGGER_SYSVIEW.c:2662:6:SEGGER_SYSVIEW_HeapAlloc	72	static,ignoring_inline_asm
../Middlewares/Third_Party/SEGGER/SEGGER/SEGGER_SYSVIEW.c:2714:6:SEGGER_SYSVIEW_HeapAllocEx	80	static,ignoring_inline_asm
../Middlewares/Third_Party/SEGGER/SEGGER/SEGGER_SYSVIEW.c:2744:6:SEGGER_SYSVIEW_HeapFree	56	static,ignoring_inline_asm
../Middlewares/Third_Party/SEGGER/SEGGER/SEGGER_SYSVIEW.c:2774:5:SEGGER_SYSVIEW_SendPacket	32	static,ignoring_inline_asm
../Middlewares/Third_Party/SEGGER/SEGGER/SEGGER_SYSVIEW.c:2801:5:SEGGER_SYSVIEW_EncodeU32	24	static
../Middlewares/Third_Party/SEGGER/SEGGER/SEGGER_SYSVIEW.c:2828:5:SEGGER_SYSVIEW_EncodeString	24	static
../Middlewares/Third_Party/SEGGER/SEGGER/SEGGER_SYSVIEW.c:2854:5:SEGGER_SYSVIEW_EncodeData	24	static
../Middlewares/Third_Party/SEGGER/SEGGER/SEGGER_SYSVIEW.c:2882:5:SEGGER_SYSVIEW_EncodeId	24	static
../Middlewares/Third_Party/SEGGER/SEGGER/SEGGER_SYSVIEW.c:2910:5:SEGGER_SYSVIEW_ShrinkId	16	static
../Middlewares/Third_Party/SEGGER/SEGGER/SEGGER_SYSVIEW.c:2932:6:SEGGER_SYSVIEW_RegisterModule	24	static,ignoring_inline_asm
../Middlewares/Third_Party/SEGGER/SEGGER/SEGGER_SYSVIEW.c:2970:6:SEGGER_SYSVIEW_RecordModuleDescription	56	static,ignoring_inline_asm
../Middlewares/Third_Party/SEGGER/SEGGER/SEGGER_SYSVIEW.c:3011:6:SEGGER_SYSVIEW_SendModule	56	static,ignoring_inline_asm
../Middlewares/Third_Party/SEGGER/SEGGER/SEGGER_SYSVIEW.c:3053:6:SEGGER_SYSVIEW_SendModuleDescription	16	static
../Middlewares/Third_Party/SEGGER/SEGGER/SEGGER_SYSVIEW.c:3074:6:SEGGER_SYSVIEW_SendNumModules	32	static,ignoring_inline_asm
../Middlewares/Third_Party/SEGGER/SEGGER/SEGGER_SYSVIEW.c:3101:6:SEGGER_SYSVIEW_PrintfHostEx	28	static
../Middlewares/Third_Party/SEGGER/SEGGER/SEGGER_SYSVIEW.c:3138:6:SEGGER_SYSVIEW_VPrintfHostEx	24	static
../Middlewares/Third_Party/SEGGER/SEGGER/SEGGER_SYSVIEW.c:3168:6:SEGGER_SYSVIEW_PrintfHost	16	static
../Middlewares/Third_Party/SEGGER/SEGGER/SEGGER_SYSVIEW.c:3203:6:SEGGER_SYSVIEW_VPrintfHost	16	static
../Middlewares/Third_Party/SEGGER/SEGGER/SEGGER_SYSVIEW.c:3234:6:SEGGER_SYSVIEW_WarnfHost	16	static
../Middlewares/Third_Party/SEGGER/SEGGER/SEGGER_SYSVIEW.c:3270:6:SEGGER_SYSVIEW_VWarnfHost	16	static
../Middlewares/Third_Party/SEGGER/SEGGER/SEGGER_SYSVIEW.c:3301:6:SEGGER_SYSVIEW_ErrorfHost	16	static
../Middlewares/Third_Party/SEGGER/SEGGER/SEGGER_SYSVIEW.c:3337:6:SEGGER_SYSVIEW_VErrorfHost	16	static
../Middlewares/Third_Party/SEGGER/SEGGER/SEGGER_SYSVIEW.c:3366:6:SEGGER_SYSVIEW_PrintfTargetEx	28	static
../Middlewares/Third_Party/SEGGER/SEGGER/SEGGER_SYSVIEW.c:3387:6:SEGGER_SYSVIEW_VPrintfTargetEx	24	static
../Middlewares/Third_Party/SEGGER/SEGGER/SEGGER_SYSVIEW.c:3402:6:SEGGER_SYSVIEW_PrintfTarget	16	static
../Middlewares/Third_Party/SEGGER/SEGGER/SEGGER_SYSVIEW.c:3422:6:SEGGER_SYSVIEW_VPrintfTarget	16	static
../Middlewares/Third_Party/SEGGER/SEGGER/SEGGER_SYSVIEW.c:3437:6:SEGGER_SYSVIEW_WarnfTarget	16	static
../Middlewares/Third_Party/SEGGER/SEGGER/SEGGER_SYSVIEW.c:3457:6:SEGGER_SYSVIEW_VWarnfTarget	16	static
../Middlewares/Third_Party/SEGGER/SEGGER/SEGGER_SYSVIEW.c:3472:6:SEGGER_SYSVIEW_ErrorfTarget	16	static
../Middlewares/Third_Party/SEGGER/SEGGER/SEGGER_SYSVIEW.c:3492:6:SEGGER_SYSVIEW_VErrorfTarget	16	static
../Middlewares/Third_Party/SEGGER/SEGGER/SEGGER_SYSVIEW.c:3507:6:SEGGER_SYSVIEW_Print	48	static,ignoring_inline_asm
../Middlewares/Third_Party/SEGGER/SEGGER/SEGGER_SYSVIEW.c:3529:6:SEGGER_SYSVIEW_Warn	48	static,ignoring_inline_asm
../Middlewares/Third_Party/SEGGER/SEGGER/SEGGER_SYSVIEW.c:3551:6:SEGGER_SYSVIEW_Error	48	static,ignoring_inline_asm
../Middlewares/Third_Party/SEGGER/SEGGER/SEGGER_SYSVIEW.c:3573:6:SEGGER_SYSVIEW_EnableEvents	16	static
../Middlewares/Third_Party/SEGGER/SEGGER/SEGGER_SYSVIEW.c:3587:6:SEGGER_SYSVIEW_DisableEvents	16	static
../Middlewares/Third_Party/SEGGER/SEGGER/SEGGER_SYSVIEW.c:3602:5:SEGGER_SYSVIEW_IsStarted	8	static
